Component: ARM Compiler 5.05 update 1 (build 106) Tool: armlink [4d0efa]

==============================================================================

Section Cross References

    startup_stm32f40_41xxx.o(STACK) refers (Special) to heapauxi.o(.text) for __use_two_region_memory
    startup_stm32f40_41xxx.o(HEAP) refers (Special) to heapauxi.o(.text) for __use_two_region_memory
    startup_stm32f40_41xxx.o(RESET) refers (Special) to heapauxi.o(.text) for __use_two_region_memory
    startup_stm32f40_41xxx.o(RESET) refers to startup_stm32f40_41xxx.o(STACK) for __initial_sp
    startup_stm32f40_41xxx.o(RESET) refers to startup_stm32f40_41xxx.o(.text) for Reset_Handler
    startup_stm32f40_41xxx.o(RESET) refers to usmart.o(i.TIM4_IRQHandler) for TIM4_IRQHandler
    startup_stm32f40_41xxx.o(RESET) refers to usart.o(i.USART1_IRQHandler) for USART1_IRQHandler
    startup_stm32f40_41xxx.o(.text) refers (Special) to heapauxi.o(.text) for __use_two_region_memory
    startup_stm32f40_41xxx.o(.text) refers to __main.o(!!!main) for __main
    startup_stm32f40_41xxx.o(.text) refers to startup_stm32f40_41xxx.o(HEAP) for Heap_Mem
    startup_stm32f40_41xxx.o(.text) refers to startup_stm32f40_41xxx.o(STACK) for Stack_Mem
    test.o(i.main) refers to sys.o(i.Stm32_Clock_Init) for Stm32_Clock_Init
    test.o(i.main) refers to delay.o(i.delay_init) for delay_init
    test.o(i.main) refers to usart.o(i.uart_init) for uart_init
    test.o(i.main) refers to led.o(i.LED_Init) for LED_Init
    test.o(i.main) refers to key.o(i.KEY_Init) for KEY_Init
    test.o(i.main) refers to ili93xx.o(i.LCD_Init) for LCD_Init
    test.o(i.main) refers to mpu6050.o(i.MPU_Init) for MPU_Init
    test.o(i.main) refers to ili93xx.o(i.LCD_ShowString) for LCD_ShowString
    test.o(i.main) refers to delay.o(i.delay_ms) for delay_ms
    test.o(i.main) refers to ili93xx.o(i.LCD_Fill) for LCD_Fill
    test.o(i.main) refers to inv_mpu.o(i.mpu_dmp_init) for mpu_dmp_init
    test.o(i.main) refers to key.o(i.KEY_Scan) for KEY_Scan
    test.o(i.main) refers to inv_mpu.o(i.mpu_dmp_get_data) for mpu_dmp_get_data
    test.o(i.main) refers to quatcal.o(i.Quat_Inv) for Quat_Inv
    test.o(i.main) refers to mpu6050.o(i.MPU_Get_Temperature) for MPU_Get_Temperature
    test.o(i.main) refers to mpu6050.o(i.MPU_Get_Accelerometer) for MPU_Get_Accelerometer
    test.o(i.main) refers to mpu6050.o(i.MPU_Get_Gyroscope) for MPU_Get_Gyroscope
    test.o(i.main) refers to ili93xx.o(i.LCD_ShowChar) for LCD_ShowChar
    test.o(i.main) refers to ili93xx.o(i.LCD_ShowNum) for LCD_ShowNum
    test.o(i.main) refers to test.o(.constdata) for .constdata
    test.o(i.main) refers to usmart_config.o(.data) for usmart_dev
    test.o(i.main) refers to ili93xx.o(.data) for POINT_COLOR
    test.o(i.main) refers to quatcal.o(i.Quat_Product) for Quat_Product
    test.o(i.main) refers to f2d.o(x$fpl$f2d) for __aeabi_f2d
    test.o(i.main) refers to acos.o(i.__hardfp_acos) for __hardfp_acos
    test.o(i.main) refers to dmul.o(x$fpl$dmul) for __aeabi_dmul
    test.o(i.main) refers to d2f.o(x$fpl$d2f) for __aeabi_d2f
    delay.o(i.delay_init) refers to delay.o(.data) for fac_us
    delay.o(i.delay_ms) refers to delay.o(i.delay_xms) for delay_xms
    delay.o(i.delay_us) refers to delay.o(.data) for fac_us
    delay.o(i.delay_xms) refers to delay.o(.data) for fac_ms
    sys.o(i.MY_NVIC_Init) refers to sys.o(i.MY_NVIC_PriorityGroupConfig) for MY_NVIC_PriorityGroupConfig
    sys.o(i.Stm32_Clock_Init) refers to sys.o(i.Sys_Clock_Set) for Sys_Clock_Set
    sys.o(i.Stm32_Clock_Init) refers to sys.o(i.MY_NVIC_SetVectorTable) for MY_NVIC_SetVectorTable
    sys.o(i.Sys_Standby) refers to sys.o(i.WFI_SET) for WFI_SET
    usart.o(.rev16_text) refers (Special) to use_no_semi_2.o(.text) for __use_no_semihosting
    usart.o(.revsh_text) refers (Special) to use_no_semi_2.o(.text) for __use_no_semihosting
    usart.o(i.USART1_IRQHandler) refers (Special) to use_no_semi_2.o(.text) for __use_no_semihosting
    usart.o(i.USART1_IRQHandler) refers to usart.o(.data) for USART_RX_STA
    usart.o(i.USART1_IRQHandler) refers to usart.o(.bss) for USART_RX_BUF
    usart.o(i._sys_exit) refers (Special) to use_no_semi_2.o(.text) for __use_no_semihosting
    usart.o(i.fputc) refers (Special) to use_no_semi_2.o(.text) for __use_no_semihosting
    usart.o(i.uart_init) refers (Special) to use_no_semi_2.o(.text) for __use_no_semihosting
    usart.o(i.uart_init) refers to sys.o(i.GPIO_Set) for GPIO_Set
    usart.o(i.uart_init) refers to sys.o(i.GPIO_AF_Set) for GPIO_AF_Set
    usart.o(i.uart_init) refers to sys.o(i.MY_NVIC_Init) for MY_NVIC_Init
    usart.o(.bss) refers (Special) to use_no_semi_2.o(.text) for __use_no_semihosting
    usart.o(.data) refers (Special) to use_no_semi_2.o(.text) for __use_no_semihosting
    led.o(i.LED_Init) refers to sys.o(i.GPIO_Set) for GPIO_Set
    ili93xx.o(i.LCD_Clear) refers to ili93xx.o(i.LCD_SetCursor) for LCD_SetCursor
[...]
    i.mpu_dmp_get_data                       0x08008474   Section        0  inv_mpu.o(i.mpu_dmp_get_data)
    i.mpu_dmp_init                           0x080086c8   Section        0  inv_mpu.o(i.mpu_dmp_init)
    i.mpu_get_accel_fsr                      0x08008764   Section        0  inv_mpu.o(i.mpu_get_accel_fsr)
    i.mpu_get_accel_sens                     0x080087b0   Section        0  inv_mpu.o(i.mpu_get_accel_sens)
    i.mpu_get_fifo_config                    0x08008804   Section        0  inv_mpu.o(i.mpu_get_fifo_config)
    i.mpu_get_gyro_fsr                       0x08008814   Section        0  inv_mpu.o(i.mpu_get_gyro_fsr)
    i.mpu_get_gyro_sens                      0x08008858   Section        0  inv_mpu.o(i.mpu_get_gyro_sens)
    i.mpu_get_lpf                            0x080088b8   Section        0  inv_mpu.o(i.mpu_get_lpf)
    i.mpu_get_sample_rate                    0x08008908   Section        0  inv_mpu.o(i.mpu_get_sample_rate)
    i.mpu_init                               0x08008928   Section        0  inv_mpu.o(i.mpu_init)
    i.mpu_load_firmware                      0x08008b18   Section        0  inv_mpu.o(i.mpu_load_firmware)
    i.mpu_lp_accel_mode                      0x08008bd0   Section        0  inv_mpu.o(i.mpu_lp_accel_mode)
    i.mpu_read_fifo_stream                   0x08008cb0   Section        0  inv_mpu.o(i.mpu_read_fifo_stream)
    i.mpu_read_mem                           0x08008d70   Section        0  inv_mpu.o(i.mpu_read_mem)
    i.mpu_reset_fifo                         0x08008df0   Section        0  inv_mpu.o(i.mpu_reset_fifo)
    i.mpu_run_self_test                      0x08008fb8   Section        0  inv_mpu.o(i.mpu_run_self_test)
    i.mpu_set_accel_fsr                      0x080090d4   Section        0  inv_mpu.o(i.mpu_set_accel_fsr)
    i.mpu_set_bypass                         0x08009158   Section        0  inv_mpu.o(i.mpu_set_bypass)
    i.mpu_set_dmp_state                      0x080092a4   Section        0  inv_mpu.o(i.mpu_set_dmp_state)
    i.mpu_set_gyro_fsr                       0x08009334   Section        0  inv_mpu.o(i.mpu_set_gyro_fsr)
    i.mpu_set_int_latched                    0x080093bc   Section        0  inv_mpu.o(i.mpu_set_int_latched)
    i.mpu_set_lpf                            0x08009428   Section        0  inv_mpu.o(i.mpu_set_lpf)
    i.mpu_set_sample_rate                    0x080094ac   Section        0  inv_mpu.o(i.mpu_set_sample_rate)
    i.mpu_set_sensors                        0x08009548   Section        0  inv_mpu.o(i.mpu_set_sensors)
    i.mpu_write_mem                          0x08009618   Section        0  inv_mpu.o(i.mpu_write_mem)
    i.read_addr                              0x08009698   Section        0  usmart.o(i.read_addr)
    i.run_self_test                          0x0800969e   Section        0  inv_mpu.o(i.run_self_test)
    i.set_int_enable                         0x08009738   Section        0  inv_mpu.o(i.set_int_enable)
    set_int_enable                           0x08009739   Thumb Code   138  inv_mpu.o(i.set_int_enable)
    i.sqrt                                   0x080097c8   Section        0  sqrt.o(i.sqrt)
    i.uart_init                              0x08009838   Section        0  usart.o(i.uart_init)
    i.usmart_cmd_rec                         0x08009938   Section        0  usmart.o(i.usmart_cmd_rec)
    i.usmart_exe                             0x080099e8   Section        0  usmart.o(i.usmart_exe)
    i.usmart_get_aparm                       0x08009cbc   Section        0  usmart_str.o(i.usmart_get_aparm)
    i.usmart_get_cmdname                     0x08009d90   Section        0  usmart_str.o(i.usmart_get_cmdname)
    i.usmart_get_fname                       0x08009dc8   Section        0  usmart_str.o(i.usmart_get_fname)
    i.usmart_get_fparam                      0x08009f88   Section        0  usmart_str.o(i.usmart_get_fparam)
    i.usmart_get_parmpos                     0x0800a094   Section        0  usmart_str.o(i.usmart_get_parmpos)
    i.usmart_get_runtime                     0x0800a0b4   Section        0  usmart.o(i.usmart_get_runtime)
    i.usmart_init                            0x0800a0f4   Section        0  usmart.o(i.usmart_init)
    i.usmart_pow                             0x0800a11c   Section        0  usmart_str.o(i.usmart_pow)
    i.usmart_reset_runtime                   0x0800a134   Section        0  usmart.o(i.usmart_reset_runtime)
    i.usmart_scan                            0x0800a164   Section        0  usmart.o(i.usmart_scan)
    i.usmart_search_nextc                    0x0800a220   Section        0  usmart_str.o(i.usmart_search_nextc)
    i.usmart_str2num                         0x0800a236   Section        0  usmart_str.o(i.usmart_str2num)
    i.usmart_strcmp                          0x0800a33c   Section        0  usmart_str.o(i.usmart_strcmp)
    i.usmart_strcopy                         0x0800a35e   Section        0  usmart_str.o(i.usmart_strcopy)
    i.usmart_strlen                          0x0800a374   Section        0  usmart_str.o(i.usmart_strlen)
    i.usmart_sys_cmd_exe                     0x0800a38c   Section        0  usmart.o(i.usmart_sys_cmd_exe)
    i.write_addr                             0x0800aa80   Section        0  usmart.o(i.write_addr)
    x$fpl$basic                              0x0800aa84   Section       24  basic.o(x$fpl$basic)
    $v0                                      0x0800aa84   Number         0  basic.o(x$fpl$basic)
    x$fpl$d2f                                0x0800aa9c   Section       98  d2f.o(x$fpl$d2f)
    $v0                                      0x0800aa9c   Number         0  d2f.o(x$fpl$d2f)
    x$fpl$dadd                               0x0800ab00   Section      336  daddsub_clz.o(x$fpl$dadd)
    $v0                                      0x0800ab00   Number         0  daddsub_clz.o(x$fpl$dadd)
    _dadd1                                   0x0800ab11   Thumb Code     0  daddsub_clz.o(x$fpl$dadd)
    x$fpl$ddiv                               0x0800ac50   Section      688  ddiv.o(x$fpl$ddiv)
    $v0                                      0x0800ac50   Number         0  ddiv.o(x$fpl$ddiv)
    ddiv_entry                               0x0800ac57   Thumb Code     0  ddiv.o(x$fpl$ddiv)
    x$fpl$dfixu                              0x0800af00   Section       90  dfixu.o(x$fpl$dfixu)
    $v0                                      0x0800af00   Number         0  dfixu.o(x$fpl$dfixu)
    x$fpl$dflt                               0x0800af5a   Section       46  dflt_clz.o(x$fpl$dflt)
    $v0                                      0x0800af5a   Number         0  dflt_clz.o(x$fpl$dflt)
    x$fpl$dfltu                              0x0800af88   Section       38  dflt_clz.o(x$fpl$dfltu)
    $v0                                      0x0800af88   Number         0  dflt_clz.o(x$fpl$dfltu)
    x$fpl$dmul                               0x0800afb0   Section      340  dmul.o(x$fpl$dmul)
    $v0                                      0x0800afb0   Number         0  dmul.o(x$fpl$dmul)
    x$fpl$dnaninf                            0x0800b104   Section      156  dnaninf.o(x$fpl$dnaninf)
    $v0                                      0x0800b104   Number         0  dnaninf.o(x$fpl$dnaninf)
    x$fpl$dretinf                            0x0800b1a0   Section       12  dretinf.o(x$fpl$dretinf)
    $v0                                      0x0800b1a0   Number         0  dretinf.o(x$fpl$dretinf)
    x$fpl$drsb                               0x0800b1ac   Section       22  daddsub_clz.o(x$fpl$drsb)
    $v0                                      0x0800b1ac   Number         0  daddsub_clz.o(x$fpl$drsb)
    x$fpl$dsqrt                              0x0800b1c4   Section      408  dsqrt_umaal.o(x$fpl$dsqrt)
    $v0                                      0x0800b1c4   Number         0  dsqrt_umaal.o(x$fpl$dsqrt)
    x$fpl$dsub                               0x0800b35c   Section      468  daddsub_clz.o(x$fpl$dsub)
    $v0                                      0x0800b35c   Number         0  daddsub_clz.o(x$fpl$dsub)
    _dsub1                                   0x0800b36d   Thumb Code     0  daddsub_clz.o(x$fpl$dsub)
    x$fpl$f2d                                0x0800b530   Section       86  f2d.o(x$fpl$f2d)
    $v0                                      0x0800b530   Number         0  f2d.o(x$fpl$f2d)
    x$fpl$fnaninf                            0x0800b586   Section      140  fnaninf.o(x$fpl$fnaninf)
    $v0                                      0x0800b586   Number         0  fnaninf.o(x$fpl$fnaninf)
    x$fpl$fpinit                             0x0800b612   Section       10  fpinit.o(x$fpl$fpinit)
    $v0                                      0x0800b612   Number         0  fpinit.o(x$fpl$fpinit)
    x$fpl$fretinf                            0x0800b61c   Section       10  fretinf.o(x$fpl$fretinf)
    $v0                                      0x0800b61c   Number         0  fretinf.o(x$fpl$fretinf)
    x$fpl$usenofp                            0x0800b626   Section        0  usenofp.o(x$fpl$usenofp)
    .constdata                               0x0800b628   Section       64  test.o(.constdata)
    .constdata                               0x0800b668   Section     6080  ili93xx.o(.constdata)
    .constdata                               0x0800ce28   Section       80  inv_mpu.o(.constdata)
    .constdata                               0x0800ce78   Section     3062  inv_mpu_dmp_motion_driver.o(.constdata)
    dmp_memory                               0x0800ce78   Data        3062  inv_mpu_dmp_motion_driver.o(.constdata)
    .constdata                               0x0800da6e   Section       40  _printf_hex_int.o(.constdata)
    uc_hextab                                0x0800da6e   Data          20  _printf_hex_int.o(.constdata)
    lc_hextab                                0x0800da82   Data          20  _printf_hex_int.o(.constdata)
    .constdata                               0x0800da96   Section       17  __printf_flags_ss_wp.o(.constdata)
    maptable                                 0x0800da96   Data          17  __printf_flags_ss_wp.o(.constdata)
    .constdata                               0x0800daa8   Section       80  acos.o(.constdata)
    pS                                       0x0800daa8   Data          48  acos.o(.constdata)
    qS                                       0x0800dad8   Data          32  acos.o(.constdata)
    .constdata                               0x0800daf8   Section       80  asin.o(.constdata)
    pS                                       0x0800daf8   Data          48  asin.o(.constdata)
    qS                                       0x0800db28   Data          32  asin.o(.constdata)
    .constdata                               0x0800db48   Section      152  atan.o(.constdata)
    atanhi                                   0x0800db48   Data          32  atan.o(.constdata)
    atanlo                                   0x0800db68   Data          32  atan.o(.constdata)
    aTodd                                    0x0800db88   Data          40  atan.o(.constdata)
    aTeven                                   0x0800dbb0   Data          48  atan.o(.constdata)
    .constdata                               0x0800dbe0   Section        8  qnan.o(.constdata)
    .conststring                             0x0800dbe8   Section       77  inv_mpu.o(.conststring)
    .conststring                             0x0800dc38   Section       40  usmart.o(.conststring)
    .conststring                             0x0800dc60   Section      203  usmart_config.o(.conststring)
    .data                                    0x20000000   Section        4  delay.o(.data)
    fac_us                                   0x20000000   Data           1  delay.o(.data)
    fac_ms                                   0x20000002   Data           2  delay.o(.data)
    .data                                    0x20000004   Section        6  usart.o(.data)
    .data                                    0x2000000a   Section        4  ili93xx.o(.data)
    .data                                    0x2000000e   Section        1  key.o(.data)
    key_up                                   0x2000000e   Data           1  key.o(.data)
    .data                                    0x20000010   Section       53  inv_mpu.o(.data)
    st                                       0x20000010   Data          44  inv_mpu.o(.data)
    gyro_orientation                         0x2000003c   Data           9  inv_mpu.o(.data)
    .data                                    0x20000048   Section       28  usmart.o(.data)
    .data                                    0x20000064   Section      300  usmart_config.o(.data)
    .bss                                     0x20000190   Section      200  usart.o(.bss)
    .bss                                     0x20000258   Section       14  ili93xx.o(.bss)
    .bss                                     0x20000268   Section       16  inv_mpu_dmp_motion_driver.o(.bss)
    dmp                                      0x20000268   Data          16  inv_mpu_dmp_motion_driver.o(.bss)
    .bss                                     0x20000278   Section       96  libspace.o(.bss)
    HEAP                                     0x200002d8   Section        0  startup_stm32f40_41xxx.o(HEAP)
    STACK                                    0x200002d8   Section     1024  startup_stm32f40_41xxx.o(STACK)
    Heap_Mem                                 0x200002d8   Data           0  startup_stm32f40_41xxx.o(HEAP)
    Stack_Mem                                0x200002d8   Data        1024  startup_stm32f40_41xxx.o(STACK)
    __initial_sp                             0x200006d8   Data           0  startup_stm32f40_41xxx.o(STACK)

    Global Symbols

    Symbol Name                              Value     Ov Type        Size  Object(Section)

    BuildAttributes$$THM_ISAv4$E$P$D$K$B$S$7EM$VFPi3$EXTD16$VFPS$VFMA$PE$A:L22UL41UL21$X:L11$S22US41US21$IEEE1$IW$USESV6$~STKCKD$USESV7$~SHL$OTIME$ROPI$IEEEX$EBA8$UX$STANDARDLIB$REQ8$PRES8$EABIv2 0x00000000   Number         0  anon$$obj.o ABSOLUTE
    __ARM_use_no_argv                        0x00000000   Number         0  test.o ABSOLUTE
    _printf_flags                            0x00000000   Number         0  printf_stubs.o ABSOLUTE
    _printf_return_value                     0x00000000   Number         0  printf_stubs.o ABSOLUTE
    _printf_sizespec                         0x00000000   Number         0  printf_stubs.o ABSOLUTE
    _printf_widthprec                        0x00000000   Number         0  printf_stubs.o ABSOLUTE
    __ARM_exceptions_init                     - Undefined Weak Reference
    __alloca_initialize                       - Undefined Weak Reference
    __arm_preinit_                            - Undefined Weak Reference
    __cpp_initialize__aeabi_                  - Undefined Weak Reference
    __cxa_finalize                            - Undefined Weak Reference
    __rt_locale                               - Undefined Weak Reference
    __sigvec_lookup                           - Undefined Weak Reference
    _atexit_init                              - Undefined Weak Reference
    _call_atexit_fns                          - Undefined Weak Reference
    _clock_init                               - Undefined Weak Reference
    _fp_trap_init                             - Undefined Weak Reference
    _fp_trap_shutdown                         - Undefined Weak Reference
    _get_lc_collate                           - Undefined Weak Reference
    _get_lc_ctype                             - Undefined Weak Reference
    _get_lc_monetary                          - Undefined Weak Reference
    _get_lc_numeric                           - Undefined Weak Reference
    _get_lc_time                              - Undefined Weak Reference
    _getenv_init                              - Undefined Weak Reference
    _handle_redirection                       - Undefined Weak Reference
    _init_alloc                               - Undefined Weak Reference
    _init_user_alloc                          - Undefined Weak Reference
    _initio                                   - Undefined Weak Reference
    _mutex_acquire                            - Undefined Weak Reference
    _mutex_release                            - Undefined Weak Reference
    _printf_mbtowc                            - Undefined Weak Reference
    _printf_truncate_signed                   - Undefined Weak Reference
    _printf_truncate_unsigned                 - Undefined Weak Reference
    _rand_init                                - Undefined Weak Reference
    _signal_finish                            - Undefined Weak Reference
    _signal_init                              - Undefined Weak Reference
    _terminate_alloc                          - Undefined Weak Reference
    _terminate_user_alloc                     - Undefined Weak Reference
    _terminateio                              - Undefined Weak Reference
    __Vectors_Size                           0x00000188   Number         0  startup_stm32f40_41xxx.o ABSOLUTE
    __Vectors                                0x08000000   Data           4  startup_stm32f40_41xxx.o(RESET)
    __Vectors_End                            0x08000188   Data           0  startup_stm32f40_41xxx.o(RESET)
    __main                                   0x08000189   Thumb Code     8  __main.o(!!!main)
    __scatterload                            0x08000191   Thumb Code     0  __scatter.o(!!!scatter)
    __scatterload_rt2                        0x08000191   Thumb Code    44  __scatter.o(!!!scatter)
    __scatterload_rt2_thumb_only             0x08000191   Thumb Code     0  __scatter.o(!!!scatter)
    __scatterload_null                       0x0800019f   Thumb Code     0  __scatter.o(!!!scatter)
    __decompress                             0x080001c5   Thumb Code    90  __dczerorl2.o(!!dczerorl2)
    __decompress1                            0x080001c5   Thumb Code     0  __dczerorl2.o(!!dczerorl2)
    __scatterload_zeroinit                   0x08000221   Thumb Code    28  __scatter_zi.o(!!handler_zi)
    _printf_d                                0x0800023d   Thumb Code     0  _printf_d.o(.ARM.Collect$$_printf_percent$$00000009)
    _printf_percent                          0x0800023d   Thumb Code     0  _printf_percent.o(.ARM.Collect$$_printf_percent$$00000000)
    _printf_u                                0x08000243   Thumb Code     0  _printf_u.o(.ARM.Collect$$_printf_percent$$0000000A)
    _printf_x                                0x08000249   Thumb Code     0  _printf_x.o(.ARM.Collect$$_printf_percent$$0000000C)
    _printf_c                                0x0800024f   Thumb Code     0  _printf_c.o(.ARM.Collect$$_printf_percent$$00000013)
    _printf_s                                0x08000255   Thumb Code     0  _printf_s.o(.ARM.Collect$$_printf_percent$$00000014)
    _printf_percent_end                      0x0800025b   Thumb Code     0  _printf_percent_end.o(.ARM.Collect$$_printf_percent$$00000017)
    __rt_lib_init                            0x0800025f   Thumb Code     0  libinit.o(.ARM.Collect$$libinit$$00000000)
    __rt_lib_init_fp_1                       0x08000261   Thumb Code     0  libinit2.o(.ARM.Collect$$libinit$$00000001)
    __rt_lib_init_alloca_1                   0x08000265   Thumb Code     0  libinit2.o(.ARM.Collect$$libinit$$0000002E)
    __rt_lib_init_argv_1                     0x08000265   Thumb Code     0  libinit2.o(.ARM.Collect$$libinit$$0000002C)
    __rt_lib_init_atexit_1                   0x08000265   Thumb Code     0  libinit2.o(.ARM.Collect$$libinit$$0000001B)
    __rt_lib_init_clock_1                    0x08000265   Thumb Code     0  libinit2.o(.ARM.Collect$$libinit$$00000021)
    __rt_lib_init_cpp_1                      0x08000265   Thumb Code     0  libinit2.o(.ARM.Collect$$libinit$$00000032)
    __rt_lib_init_exceptions_1               0x08000265   Thumb Code     0  libinit2.o(.ARM.Collect$$libinit$$00000030)
    __rt_lib_init_fp_trap_1                  0x08000265   Thumb Code     0  libinit2.o(.ARM.Collect$$libinit$$0000001F)
    __rt_lib_init_getenv_1                   0x08000265   Thumb Code     0  libinit2.o(.ARM.Collect$$libinit$$00000023)
    __rt_lib_init_heap_1                     0x08000265   Thumb Code     0  libinit2.o(.ARM.Collect$$libinit$$0000000A)
    __rt_lib_init_lc_collate_1               0x08000265   Thumb Code     0  libinit2.o(.ARM.Collect$$libinit$$00000011)
    __rt_lib_init_lc_ctype_1                 0x08000265   Thumb Code     0  libinit2.o(.ARM.Collect$$libinit$$00000013)
    __rt_lib_init_lc_monetary_1              0x08000265   Thumb Code     0  libinit2.o(.ARM.Collect$$libinit$$00000015)
    __rt_lib_init_lc_numeric_1               0x08000265   Thumb Code     0  libinit2.o(.ARM.Collect$$libinit$$00000017)
    __rt_lib_init_lc_time_1                  0x08000265   Thumb Code     0  libinit2.o(.ARM.Collect$$libinit$$00000019)
    __rt_lib_init_preinit_1                  0x08000265   Thumb Code     0  libinit2.o(.ARM.Collect$$libinit$$00000004)
    __rt_lib_init_rand_1                     0x08000265   Thumb Code     0  libinit2.o(.ARM.Collect$$libinit$$0000000E)
    __rt_lib_init_return                     0x08000265   Thumb Code     0  libinit2.o(.ARM.Collect$$libinit$$00000033)
    __rt_lib_init_signal_1                   0x08000265   Thumb Code     0  libinit2.o(.ARM.Collect$$libinit$$0000001D)
    __rt_lib_init_stdio_1                    0x08000265   Thumb Code     0  libinit2.o(.ARM.Collect$$libinit$$00000025)
    __rt_lib_init_user_alloc_1               0x08000265   Thumb Code     0  libinit2.o(.ARM.Collect$$libinit$$0000000C)
    __rt_lib_shutdown                        0x08000267   Thumb Code     0  libshutdown.o(.ARM.Collect$$libshutdown$$00000000)
    __rt_lib_shutdown_fp_trap_1              0x08000269   Thumb Code     0  libshutdown2.o(.ARM.Collect$$libshutdown$$00000006)
    __rt_lib_shutdown_heap_1                 0x08000269   Thumb Code     0  libshutdown2.o(.ARM.Collect$$libshutdown$$0000000E)
    __rt_lib_shutdown_return                 0x08000269   Thumb Code     0  libshutdown2.o(.ARM.Collect$$libshutdown$$0000000F)
    __rt_lib_shutdown_signal_1               0x08000269   Thumb Code     0  libshutdown2.o(.ARM.Collect$$libshutdown$$00000009)
    __rt_lib_shutdown_stdio_1                0x08000269   Thumb Code     0  libshutdown2.o(.ARM.Collect$$libshutdown$$00000003)
    __rt_lib_shutdown_user_alloc_1           0x08000269   Thumb Code     0  libshutdown2.o(.ARM.Collect$$libshutdown$$0000000B)
    __rt_entry                               0x0800026b   Thumb Code     0  __rtentry.o(.ARM.Collect$$rtentry$$00000000)
    __rt_entry_presh_1                       0x0800026b   Thumb Code     0  __rtentry2.o(.ARM.Collect$$rtentry$$00000002)
    __rt_entry_sh                            0x0800026b   Thumb Code     0  __rtentry4.o(.ARM.Collect$$rtentry$$00000004)
    __rt_entry_li                            0x08000271   Thumb Code     0  __rtentry2.o(.ARM.Collect$$rtentry$$0000000A)
    __rt_entry_postsh_1                      0x08000271   Thumb Code     0  __rtentry2.o(.ARM.Collect$$rtentry$$00000009)
    __rt_entry_main                          0x08000275   Thumb Code     0  __rtentry2.o(.ARM.Collect$$rtentry$$0000000D)
    __rt_entry_postli_1                      0x08000275   Thumb Code     0  __rtentry2.o(.ARM.Collect$$rtentry$$0000000C)
    __rt_exit                                0x0800027d   Thumb Code     0  rtexit.o(.ARM.Collect$$rtexit$$00000000)
    __rt_exit_ls                             0x0800027f   Thumb Code     0  rtexit2.o(.ARM.Collect$$rtexit$$00000003)
    __rt_exit_prels_1                        0x0800027f   Thumb Code     0  rtexit2.o(.ARM.Collect$$rtexit$$00000002)
    __rt_exit_exit                           0x08000283   Thumb Code     0  rtexit2.o(.ARM.Collect$$rtexit$$00000004)
    Reset_Handler                            0x08000289   Thumb Code    14  startup_stm32f40_41xxx.o(.text)
    NMI_Handler                              0x08000297   Thumb Code     2  startup_stm32f40_41xxx.o(.text)
    HardFault_Handler                        0x08000299   Thumb Code     2  startup_stm32f40_41xxx.o(.text)
    MemManage_Handler                        0x0800029b   Thumb Code     2  startup_stm32f40_41xxx.o(.text)
    BusFault_Handler                         0x0800029d   Thumb Code     2  startup_stm32f40_41xxx.o(.text)
    UsageFault_Handler                       0x0800029f   Thumb Code     2  startup_stm32f40_41xxx.o(.text)
    SVC_Handler                              0x080002a1   Thumb Code     2  startup_stm32f40_41xxx.o(.text)
    DebugMon_Handler                         0x080002a3   Thumb Code     2  startup_stm32f40_41xxx.o(.text)
    PendSV_Handler                           0x080002a5   Thumb Code     2  startup_stm32f40_41xxx.o(.text)
    SysTick_Handler                          0x080002a7   Thumb Code     2  startup_stm32f40_41xxx.o(.text)
    ADC_IRQHandler                           0x080002a9   Thumb Code     0  startup_stm32f40_41xxx.o(.text)
    CAN1_RX0_IRQHandler                      0x080002a9   Thumb Code     0  startup_stm32f40_41xxx.o(.text)
    CAN1_RX1_IRQHandler                      0x080002a9   Thumb Code     0  startup_stm32f40_41xxx.o(.text)
    CAN1_SCE_IRQHandler                      0x080002a9   Thumb Code     0  startup_stm32f40_41xxx.o(.text)
    CAN1_TX_IRQHandler                       0x080002a9   Thumb Code     0  startup_stm32f40_41xxx.o(.text)
    CAN2_RX0_IRQHandler                      0x080002a9   Thumb Code     0  startup_stm32f40_41xxx.o(.text)
    CAN2_RX1_IRQHandler                      0x080002a9   Thumb Code     0  startup_stm32f40_41xxx.o(.text)
    CAN2_SCE_IRQHandler                      0x080002a9   Thumb Code     0  startup_stm32f40_41xxx.o(.text)
    CAN2_TX_IRQHandler                       0x080002a9   Thumb Code     0  startup_stm32f40_41xxx.o(.text)
    CRYP_IRQHandler                          0x080002a9   Thumb Code     0  startup_stm32f40_41xxx.o(.text)
    DCMI_IRQHandler                          0x080002a9   Thumb Code     0  startup_stm32f40_41xxx.o(.text)
    DMA1_Stream0_IRQHandler                  0x080002a9   Thumb Code     0  startup_stm32f40_41xxx.o(.text)
    DMA1_Stream1_IRQHandler                  0x080002a9   Thumb Code     0  startup_stm32f40_41xxx.o(.text)
    DMA1_Stream2_IRQHandler                  0x080002a9   Thumb Code     0  startup_stm32f40_41xxx.o(.text)
    DMA1_Stream3_IRQHandler                  0x080002a9   Thumb Code     0  startup_stm32f40_41xxx.o(.text)
    DMA1_Stream4_IRQHandler                  0x080002a9   Thumb Code     0  startup_stm32f40_41xxx.o(.text)
    DMA1_Stream5_IRQHandler                  0x080002a9   Thumb Code     0  startup_stm32f40_41xxx.o(.text)
    DMA1_Stream6_IRQHandler                  0x080002a9   Thumb Code     0  startup_stm32f40_41xxx.o(.text)
    DMA1_Stream7_IRQHandler                  0x080002a9   Thumb Code     0  startup_stm32f40_41xxx.o(.text)
    DMA2_Stream0_IRQHandler                  0x080002a9   Thumb Code     0  startup_stm32f40_41xxx.o(.text)
    DMA2_Stream1_IRQHandler                  0x080002a9   Thumb Code     0  startup_stm32f40_41xxx.o(.text)
    DMA2_Stream2_IRQHandler                  0x080002a9   Thumb Code     0  startup_stm32f40_41xxx.o(.text)
    DMA2_Stream3_IRQHandler                  0x080002a9   Thumb Code     0  startup_stm32f40_41xxx.o(.text)
    DMA2_Stream4_IRQHandler                  0x080002a9   Thumb Code     0  startup_stm32f40_41xxx.o(.text)
    DMA2_Stream5_IRQHandler                  0x080002a9   Thumb Code     0  startup_stm32f40_41xxx.o(.text)
    DMA2_Stream6_IRQHandler                  0x080002a9   Thumb Code     0  startup_stm32f40_41xxx.o(.text)
    DMA2_Stream7_IRQHandler                  0x080002a9   Thumb Code     0  startup_stm32f40_41xxx.o(.text)
    ETH_IRQHandler                           0x080002a9   Thumb Code     0  startup_stm32f40_41xxx.o(.text)
    ETH_WKUP_IRQHandler                      0x080002a9   Thumb Code     0  startup_stm32f40_41xxx.o(.text)
    EXTI0_IRQHandler                         0x080002a9   Thumb Code     0  startup_stm32f40_41xxx.o(.text)
    EXTI15_10_IRQHandler                     0x080002a9   Thumb Code     0  startup_stm32f40_41xxx.o(.text)
    EXTI1_IRQHandler                         0x080002a9   Thumb Code     0  startup_stm32f40_41xxx.o(.text)
    EXTI2_IRQHandler                         0x080002a9   Thumb Code     0  startup_stm32f40_41xxx.o(.text)
    EXTI3_IRQHandler                         0x080002a9   Thumb Code     0  startup_stm32f40_41xxx.o(.text)
    EXTI4_IRQHandler                         0x080002a9   Thumb Code     0  startup_stm32f40_41xxx.o(.text)
    EXTI9_5_IRQHandler                       0x080002a9   Thumb Code     0  startup_stm32f40_41xxx.o(.text)
    FLASH_IRQHandler                         0x080002a9   Thumb Code     0  startup_stm32f40_41xxx.o(.text)
    FPU_IRQHandler                           0x080002a9   Thumb Code     0  startup_stm32f40_41xxx.o(.text)
    FSMC_IRQHandler                          0x080002a9   Thumb Code     0  startup_stm32f40_41xxx.o(.text)
    HASH_RNG_IRQHandler                      0x080002a9   Thumb Code     0  startup_stm32f40_41xxx.o(.text)
    I2C1_ER_IRQHandler                       0x080002a9   Thumb Code     0  startup_stm32f40_41xxx.o(.text)
    I2C1_EV_IRQHandler                       0x080002a9   Thumb Code     0  startup_stm32f40_41xxx.o(.text)
    I2C2_ER_IRQHandler                       0x080002a9   Thumb Code     0  startup_stm32f40_41xxx.o(.text)
    I2C2_EV_IRQHandler                       0x080002a9   Thumb Code     0  startup_stm32f40_41xxx.o(.text)
    I2C3_ER_IRQHandler                       0x080002a9   Thumb Code     0  startup_stm32f40_41xxx.o(.text)
    I2C3_EV_IRQHandler                       0x080002a9   Thumb Code     0  startup_stm32f40_41xxx.o(.text)
    OTG_FS_IRQHandler                        0x080002a9   Thumb Code     0  startup_stm32f40_41xxx.o(.text)
    OTG_FS_WKUP_IRQHandler                   0x080002a9   Thumb Code     0  startup_stm32f40_41xxx.o(.text)
    OTG_HS_EP1_IN_IRQHandler                 0x080002a9   Thumb Code     0  startup_stm32f40_41xxx.o(.text)
    OTG_HS_EP1_OUT_IRQHandler                0x080002a9   Thumb Code     0  startup_stm32f40_41xxx.o(.text)
    OTG_HS_IRQHandler                        0x080002a9   Thumb Code     0  startup_stm32f40_41xxx.o(.text)
    OTG_HS_WKUP_IRQHandler                   0x080002a9   Thumb Code     0  startup_stm32f40_41xxx.o(.text)
    PVD_IRQHandler                           0x080002a9   Thumb Code     0  startup_stm32f40_41xxx.o(.text)
    RCC_IRQHandler                           0x080002a9   Thumb Code     0  startup_stm32f40_41xxx.o(.text)
    RTC_Alarm_IRQHandler                     0x080002a9   Thumb Code     0  startup_stm32f40_41xxx.o(.text)
    RTC_WKUP_IRQHandler                      0x080002a9   Thumb Code     0  startup_stm32f40_41xxx.o(.text)
    SDIO_IRQHandler                          0x080002a9   Thumb Code     0  startup_stm32f40_41xxx.o(.text)
    SPI1_IRQHandler                          0x080002a9   Thumb Code     0  startup_stm32f40_41xxx.o(.text)
    SPI2_IRQHandler                          0x080002a9   Thumb Code     0  startup_stm32f40_41xxx.o(.text)
    SPI3_IRQHandler                          0x080002a9   Thumb Code     0  startup_stm32f40_41xxx.o(.text)
    TAMP_STAMP_IRQHandler                    0x080002a9   Thumb Code     0  startup_stm32f40_41xxx.o(.text)
    TIM1_BRK_TIM9_IRQHandler                 0x080002a9   Thumb Code     0  startup_stm32f40_41xxx.o(.text)
    TIM1_CC_IRQHandler                       0x080002a9   Thumb Code     0  startup_stm32f40_41xxx.o(.text)
    TIM1_TRG_COM_TIM11_IRQHandler            0x080002a9   Thumb Code     0  startup_stm32f40_41xxx.o(.text)
    TIM1_UP_TIM10_IRQHandler                 0x080002a9   Thumb Code     0  startup_stm32f40_41xxx.o(.text)
    TIM2_IRQHandler                          0x080002a9   Thumb Code     0  startup_stm32f40_41xxx.o(.text)
    TIM3_IRQHandler                          0x080002a9   Thumb Code     0  startup_stm32f40_41xxx.o(.text)
    TIM5_IRQHandler                          0x080002a9   Thumb Code     0  startup_stm32f40_41xxx.o(.text)
    TIM6_DAC_IRQHandler                      0x080002a9   Thumb Code     0  startup_stm32f40_41xxx.o(.text)
    TIM7_IRQHandler                          0x080002a9   Thumb Code     0  startup_stm32f40_41xxx.o(.text)
    TIM8_BRK_TIM12_IRQHandler                0x080002a9   Thumb Code     0  startup_stm32f40_41xxx.o(.text)
    TIM8_CC_IRQHandler                       0x080002a9   Thumb Code     0  startup_stm32f40_41xxx.o(.text)
    TIM8_TRG_COM_TIM14_IRQHandler            0x080002a9   Thumb Code     0  startup_stm32f40_41xxx.o(.text)
    TIM8_UP_TIM13_IRQHandler                 0x080002a9   Thumb Code     0  startup_stm32f40_41xxx.o(.text)
    UART4_IRQHandler                         0x080002a9   Thumb Code     0  startup_stm32f40_41xxx.o(.text)
    UART5_IRQHandler                         0x080002a9   Thumb Code     0  startup_stm32f40_41xxx.o(.text)
    USART2_IRQHandler                        0x080002a9   Thumb Code     0  startup_stm32f40_41xxx.o(.text)
    USART3_IRQHandler                        0x080002a9   Thumb Code     0  startup_stm32f40_41xxx.o(.text)
    USART6_IRQHandler                        0x080002a9   Thumb Code     0  startup_stm32f40_41xxx.o(.text)
    WWDG_IRQHandler                          0x080002a9   Thumb Code     0  startup_stm32f40_41xxx.o(.text)
    __user_initial_stackheap                 0x080002ad   Thumb Code     0  startup_stm32f40_41xxx.o(.text)
    __use_no_semihosting                     0x080002cd   Thumb Code     2  use_no_semi_2.o(.text)
    __aeabi_ldivmod                          0x080002cf   Thumb Code     0  llsdiv.o(.text)
    _ll_sdiv                                 0x080002cf   Thumb Code    72  llsdiv.o(.text)
    __2printf                                0x08000319   Thumb Code    20  noretval__2printf.o(.text)
    _printf_pre_padding                      0x08000331   Thumb Code    44  _printf_pad.o(.text)
    _printf_post_padding                     0x0800035d   Thumb Code    34  _printf_pad.o(.text)
    _printf_str                              0x0800037f   Thumb Code    82  _printf_str.o(.text)
    _printf_int_dec                          0x080003d1   Thumb Code   104  _printf_dec.o(.text)
    _printf_int_hex                          0x08000449   Thumb Code    84  _printf_hex_int.o(.text)
    _printf_longlong_hex                     0x08000449   Thumb Code     0  _printf_hex_int.o(.text)
    __printf                                 0x080004a1   Thumb Code   388  __printf_flags_ss_wp.o(.text)
    memcmp                                   0x08000629   Thumb Code    88  memcmp.o(.text)
    __aeabi_memset                           0x08000681   Thumb Code    16  aeabi_memset.o(.text)
    __use_two_region_memory                  0x08000691   Thumb Code     2  heapauxi.o(.text)
    __rt_heap_escrow$2region                 0x08000693   Thumb Code     2  heapauxi.o(.text)
    __rt_heap_expand$2region                 0x08000695   Thumb Code     2  heapauxi.o(.text)
    __I$use$semihosting                      0x08000697   Thumb Code     0  use_no_semi.o(.text)
    __use_no_semihosting_swi                 0x08000697   Thumb Code     2  use_no_semi.o(.text)
    __aeabi_uldivmod                         0x08000699   Thumb Code     0  lludivv7m.o(.text)
    _ll_udiv                                 0x08000699   Thumb Code   238  lludivv7m.o(.text)
    __read_errno                             0x08000787   Thumb Code    10  _rserrno.o(.text)
    __set_errno                              0x08000791   Thumb Code    12  _rserrno.o(.text)
    _printf_int_common                       0x0800079d   Thumb Code   178  _printf_intcommon.o(.text)
    _printf_cs_common                        0x0800084f   Thumb Code    20  _printf_char.o(.text)
    _printf_char                             0x08000863   Thumb Code    16  _printf_char.o(.text)
    _printf_string                           0x08000873   Thumb Code     8  _printf_char.o(.text)
    _printf_char_file                        0x0800087d   Thumb Code    32  _printf_char_file.o(.text)
    __aeabi_memclr                           0x080008a1   Thumb Code     0  rt_memclr.o(.text)
    __rt_memclr                              0x080008a1   Thumb Code    68  rt_memclr.o(.text)
    _memset                                  0x080008a5   Thumb Code     0  rt_memclr.o(.text)
    __aeabi_errno_addr                       0x080008e5   Thumb Code     8  rt_errno_addr_intlibspace.o(.text)
    __errno$intlibspace                      0x080008e5   Thumb Code     0  rt_errno_addr_intlibspace.o(.text)
    __rt_errno_addr$intlibspace              0x080008e5   Thumb Code     0  rt_errno_addr_intlibspace.o(.text)
    _printf_char_common                      0x080008f7   Thumb Code    32  _printf_char_common.o(.text)
    ferror                                   0x0800091d   Thumb Code     8  ferror.o(.text)
    __aeabi_memclr4                          0x08000925   Thumb Code     0  rt_memclr_w.o(.text)
    __aeabi_memclr8                          0x08000925   Thumb Code     0  rt_memclr_w.o(.text)
    __rt_memclr_w                            0x08000925   Thumb Code    78  rt_memclr_w.o(.text)
    _memset_w                                0x08000929   Thumb Code     0  rt_memclr_w.o(.text)
    __user_libspace                          0x08000975   Thumb Code     8  libspace.o(.text)
    __user_perproc_libspace                  0x08000975   Thumb Code     0  libspace.o(.text)
    __user_perthread_libspace                0x08000975   Thumb Code     0  libspace.o(.text)
    __user_setup_stackheap                   0x0800097d   Thumb Code    74  sys_stackheap_outer.o(.text)
    exit                                     0x080009c7   Thumb Code    12  exit.o(.text)
    GPIO_AF_Set                              0x080009d3   Thumb Code    64  sys.o(i.GPIO_AF_Set)
    GPIO_Set                                 0x08000a13   Thumb Code   222  sys.o(i.GPIO_Set)
    IIC_Ack                                  0x08000af1   Thumb Code    66  myiic.o(i.IIC_Ack)
    IIC_Init                                 0x08000b41   Thumb Code    48  myiic.o(i.IIC_Init)
    IIC_NAck                                 0x08000b81   Thumb Code    66  myiic.o(i.IIC_NAck)
    IIC_Read_Byte                            0x08000bd1   Thumb Code    94  myiic.o(i.IIC_Read_Byte)
    IIC_Send_Byte                            0x08000c3d   Thumb Code    90  myiic.o(i.IIC_Send_Byte)
    IIC_Start                                0x08000ca5   Thumb Code    64  myiic.o(i.IIC_Start)
    IIC_Stop                                 0x08000cf1   Thumb Code    62  myiic.o(i.IIC_Stop)
    IIC_Wait_Ack                             0x08000d3d   Thumb Code    82  myiic.o(i.IIC_Wait_Ack)
    KEY_Init                                 0x08000d9d   Thumb Code    66  key.o(i.KEY_Init)
    KEY_Scan                                 0x08000ded   Thumb Code   150  key.o(i.KEY_Scan)
    LCD_Clear                                0x08000e91   Thumb Code   100  ili93xx.o(i.LCD_Clear)
    LCD_Display_Dir                          0x08000efd   Thumb Code   444  ili93xx.o(i.LCD_Display_Dir)
    LCD_Fast_DrawPoint                       0x080010bd   Thumb Code   374  ili93xx.o(i.LCD_Fast_DrawPoint)
    LCD_Fill                                 0x0800123d   Thumb Code   180  ili93xx.o(i.LCD_Fill)
    LCD_Init                                 0x080012f5   Thumb Code 14634  ili93xx.o(i.LCD_Init)
    LCD_Pow                                  0x08004c29   Thumb Code    22  ili93xx.o(i.LCD_Pow)
    LCD_RD_DATA                              0x08004c41   Thumb Code    14  ili93xx.o(i.LCD_RD_DATA)
    LCD_ReadReg                              0x08004c55   Thumb Code    22  ili93xx.o(i.LCD_ReadReg)
    LCD_SSD_BackLightSet                     0x08004c6d   Thumb Code    88  ili93xx.o(i.LCD_SSD_BackLightSet)
    LCD_Scan_Dir                             0x08004ccd   Thumb Code   744  ili93xx.o(i.LCD_Scan_Dir)
    LCD_SetCursor                            0x08004fb9   Thumb Code   418  ili93xx.o(i.LCD_SetCursor)
    LCD_ShowChar                             0x08005161   Thumb Code   272  ili93xx.o(i.LCD_ShowChar)
    LCD_ShowNum                              0x08005289   Thumb Code   148  ili93xx.o(i.LCD_ShowNum)
    LCD_ShowString                           0x0800531d   Thumb Code   102  ili93xx.o(i.LCD_ShowString)
    LCD_WR_DATA                              0x08005385   Thumb Code    18  ili93xx.o(i.LCD_WR_DATA)
    LCD_WR_REG                               0x0800539d   Thumb Code    18  ili93xx.o(i.LCD_WR_REG)
    LCD_WriteRAM_Prepare                     0x080053b5   Thumb Code    10  ili93xx.o(i.LCD_WriteRAM_Prepare)
    LCD_WriteReg                             0x080053c9   Thumb Code    14  ili93xx.o(i.LCD_WriteReg)
    LED_Init                                 0x080053dd   Thumb Code    48  led.o(i.LED_Init)
    MPU_Get_Accelerometer                    0x0800541d   Thumb Code    80  mpu6050.o(i.MPU_Get_Accelerometer)
    MPU_Get_Gyroscope                        0x0800546d   Thumb Code    80  mpu6050.o(i.MPU_Get_Gyroscope)
    MPU_Get_Temperature                      0x080054bd   Thumb Code   110  mpu6050.o(i.MPU_Get_Temperature)
    MPU_Init                                 0x08005541   Thumb Code   122  mpu6050.o(i.MPU_Init)
    MPU_Read_Byte                            0x080055bb   Thumb Code    58  mpu6050.o(i.MPU_Read_Byte)
    MPU_Read_Len                             0x080055f5   Thumb Code   116  mpu6050.o(i.MPU_Read_Len)
    MPU_Set_Accel_Fsr                        0x08005669   Thumb Code    16  mpu6050.o(i.MPU_Set_Accel_Fsr)
    MPU_Set_Gyro_Fsr                         0x08005679   Thumb Code    16  mpu6050.o(i.MPU_Set_Gyro_Fsr)
    MPU_Set_LPF                              0x08005689   Thumb Code    58  mpu6050.o(i.MPU_Set_LPF)
    MPU_Set_Rate                             0x080056c3   Thumb Code    58  mpu6050.o(i.MPU_Set_Rate)
    MPU_Write_Byte                           0x080056fd   Thumb Code    68  mpu6050.o(i.MPU_Write_Byte)
    MPU_Write_Len                            0x08005741   Thumb Code    96  mpu6050.o(i.MPU_Write_Len)
    MY_NVIC_Init                             0x080057a1   Thumb Code   116  sys.o(i.MY_NVIC_Init)
    MY_NVIC_PriorityGroupConfig              0x08005819   Thumb Code    32  sys.o(i.MY_NVIC_PriorityGroupConfig)
    MY_NVIC_SetVectorTable                   0x08005841   Thumb Code    12  sys.o(i.MY_NVIC_SetVectorTable)
    Quat_Inv                                 0x08005851   Thumb Code   110  quatcal.o(i.Quat_Inv)
    Quat_Product                             0x080058bf   Thumb Code   210  quatcal.o(i.Quat_Product)
    Stm32_Clock_Init                         0x08005991   Thumb Code    90  sys.o(i.Stm32_Clock_Init)
    Sys_Clock_Set                            0x080059f9   Thumb Code   254  sys.o(i.Sys_Clock_Set)
    TIM4_IRQHandler                          0x08005b05   Thumb Code    50  usmart.o(i.TIM4_IRQHandler)
    Timer4_Init                              0x08005b41   Thumb Code    72  usmart.o(i.Timer4_Init)
    USART1_IRQHandler                        0x08005b91   Thumb Code   116  usart.o(i.USART1_IRQHandler)
    __ARM_fpclassify                         0x08005c11   Thumb Code    48  fpclassify.o(i.__ARM_fpclassify)
    __hardfp_acos                            0x08005c41   Thumb Code   738  acos.o(i.__hardfp_acos)
    __hardfp_asin                            0x08005f99   Thumb Code   770  asin.o(i.__hardfp_asin)
    __hardfp_atan                            0x080062f9   Thumb Code   622  atan.o(i.__hardfp_atan)
    __hardfp_atan2                           0x080065d1   Thumb Code   432  atan2.o(i.__hardfp_atan2)
    __kernel_poly                            0x080067c1   Thumb Code   248  poly.o(i.__kernel_poly)
    __mathlib_dbl_infnan                     0x080068b9   Thumb Code    20  dunder.o(i.__mathlib_dbl_infnan)
    __mathlib_dbl_infnan2                    0x080068cd   Thumb Code    20  dunder.o(i.__mathlib_dbl_infnan2)
    __mathlib_dbl_invalid                    0x080068e1   Thumb Code    24  dunder.o(i.__mathlib_dbl_invalid)
    __mathlib_dbl_underflow                  0x08006901   Thumb Code    24  dunder.o(i.__mathlib_dbl_underflow)
    _is_digit                                0x08006921   Thumb Code    14  __printf_wp.o(i._is_digit)
    _sys_exit                                0x0800692f   Thumb Code     4  usart.o(i._sys_exit)
    atan                                     0x080069f5   Thumb Code    16  atan.o(i.atan)
    delay_init                               0x08006a69   Thumb Code    56  delay.o(i.delay_init)
    delay_ms                                 0x08006aa9   Thumb Code    56  delay.o(i.delay_ms)
    delay_us                                 0x08006ae1   Thumb Code    56  delay.o(i.delay_us)
    delay_xms                                0x08006b1d   Thumb Code    56  delay.o(i.delay_xms)
    dmp_enable_6x_lp_quat                    0x08006b59   Thumb Code    60  inv_mpu_dmp_motion_driver.o(i.dmp_enable_6x_lp_quat)
    dmp_enable_feature                       0x08006b95   Thumb Code   530  inv_mpu_dmp_motion_driver.o(i.dmp_enable_feature)
    dmp_enable_gyro_cal                      0x08006db1   Thumb Code    62  inv_mpu_dmp_motion_driver.o(i.dmp_enable_gyro_cal)
    dmp_enable_lp_quat                       0x08006e09   Thumb Code    60  inv_mpu_dmp_motion_driver.o(i.dmp_enable_lp_quat)
    dmp_load_motion_driver_firmware          0x08006e45   Thumb Code    20  inv_mpu_dmp_motion_driver.o(i.dmp_load_motion_driver_firmware)
    dmp_read_fifo                            0x08006e5d   Thumb Code   456  inv_mpu_dmp_motion_driver.o(i.dmp_read_fifo)
    dmp_set_accel_bias                       0x08007029   Thumb Code   300  inv_mpu_dmp_motion_driver.o(i.dmp_set_accel_bias)
    dmp_set_fifo_rate                        0x08007159   Thumb Code    96  inv_mpu_dmp_motion_driver.o(i.dmp_set_fifo_rate)
    dmp_set_gyro_bias                        0x080071c9   Thumb Code   294  inv_mpu_dmp_motion_driver.o(i.dmp_set_gyro_bias)
    dmp_set_orientation                      0x080072f9   Thumb Code   290  inv_mpu_dmp_motion_driver.o(i.dmp_set_orientation)
    dmp_set_shake_reject_thresh              0x08007431   Thumb Code    56  inv_mpu_dmp_motion_driver.o(i.dmp_set_shake_reject_thresh)
    dmp_set_shake_reject_time                0x08007469   Thumb Code    38  inv_mpu_dmp_motion_driver.o(i.dmp_set_shake_reject_time)
    dmp_set_shake_reject_timeout             0x0800748f   Thumb Code    38  inv_mpu_dmp_motion_driver.o(i.dmp_set_shake_reject_timeout)
    dmp_set_tap_axes                         0x080074b5   Thumb Code    70  inv_mpu_dmp_motion_driver.o(i.dmp_set_tap_axes)
    dmp_set_tap_count                        0x080074fb   Thumb Code    38  inv_mpu_dmp_motion_driver.o(i.dmp_set_tap_count)
    dmp_set_tap_thresh                       0x08007521   Thumb Code   412  inv_mpu_dmp_motion_driver.o(i.dmp_set_tap_thresh)
    dmp_set_tap_time                         0x080076e1   Thumb Code    38  inv_mpu_dmp_motion_driver.o(i.dmp_set_tap_time)
    dmp_set_tap_time_multi                   0x08007707   Thumb Code    38  inv_mpu_dmp_motion_driver.o(i.dmp_set_tap_time_multi)
    fabs                                     0x0800772d   Thumb Code    24  fabs.o(i.fabs)
    fputc                                    0x08007745   Thumb Code    22  usart.o(i.fputc)
    inv_orientation_matrix_to_scalar         0x08007dbd   Thumb Code    40  inv_mpu.o(i.inv_orientation_matrix_to_scalar)
    inv_row_2_scale                          0x08007de5   Thumb Code    78  inv_mpu.o(i.inv_row_2_scale)
    main                                     0x08007e35   Thumb Code  1466  test.o(i.main)
    mget_ms                                  0x08008401   Thumb Code     2  inv_mpu.o(i.mget_ms)
    mpu_configure_fifo                       0x08008405   Thumb Code   106  inv_mpu.o(i.mpu_configure_fifo)
    mpu_dmp_get_data                         0x08008475   Thumb Code   582  inv_mpu.o(i.mpu_dmp_get_data)
    mpu_dmp_init                             0x080086c9   Thumb Code   150  inv_mpu.o(i.mpu_dmp_init)
    mpu_get_accel_fsr                        0x08008765   Thumb Code    72  inv_mpu.o(i.mpu_get_accel_fsr)
    mpu_get_accel_sens                       0x080087b1   Thumb Code    78  inv_mpu.o(i.mpu_get_accel_sens)
    mpu_get_fifo_config                      0x08008805   Thumb Code    12  inv_mpu.o(i.mpu_get_fifo_config)
    mpu_get_gyro_fsr                         0x08008815   Thumb Code    64  inv_mpu.o(i.mpu_get_gyro_fsr)
    mpu_get_gyro_sens                        0x08008859   Thumb Code    74  inv_mpu.o(i.mpu_get_gyro_sens)
    mpu_get_lpf                              0x080088b9   Thumb Code    74  inv_mpu.o(i.mpu_get_lpf)
    mpu_get_sample_rate                      0x08008909   Thumb Code    26  inv_mpu.o(i.mpu_get_sample_rate)
    mpu_init                                 0x08008929   Thumb Code   416  inv_mpu.o(i.mpu_init)
    mpu_load_firmware                        0x08008b19   Thumb Code   180  inv_mpu.o(i.mpu_load_firmware)
    mpu_lp_accel_mode                        0x08008bd1   Thumb Code   218  inv_mpu.o(i.mpu_lp_accel_mode)
    mpu_read_fifo_stream                     0x08008cb1   Thumb Code   186  inv_mpu.o(i.mpu_read_fifo_stream)
    mpu_read_mem                             0x08008d71   Thumb Code   122  inv_mpu.o(i.mpu_read_mem)
    mpu_reset_fifo                           0x08008df1   Thumb Code   450  inv_mpu.o(i.mpu_reset_fifo)
    mpu_run_self_test                        0x08008fb9   Thumb Code   278  inv_mpu.o(i.mpu_run_self_test)
    mpu_set_accel_fsr                        0x080090d5   Thumb Code   126  inv_mpu.o(i.mpu_set_accel_fsr)
    mpu_set_bypass                           0x08009159   Thumb Code   328  inv_mpu.o(i.mpu_set_bypass)
    mpu_set_dmp_state                        0x080092a5   Thumb Code   138  inv_mpu.o(i.mpu_set_dmp_state)
    mpu_set_gyro_fsr                         0x08009335   Thumb Code   132  inv_mpu.o(i.mpu_set_gyro_fsr)
    mpu_set_int_latched                      0x080093bd   Thumb Code   102  inv_mpu.o(i.mpu_set_int_latched)
    mpu_set_lpf                              0x08009429   Thumb Code   126  inv_mpu.o(i.mpu_set_lpf)
    mpu_set_sample_rate                      0x080094ad   Thumb Code   152  inv_mpu.o(i.mpu_set_sample_rate)
    mpu_set_sensors                          0x08009549   Thumb Code   202  inv_mpu.o(i.mpu_set_sensors)
    mpu_write_mem                            0x08009619   Thumb Code   122  inv_mpu.o(i.mpu_write_mem)
    read_addr                                0x08009699   Thumb Code     6  usmart.o(i.read_addr)
    run_self_test                            0x0800969f   Thumb Code   154  inv_mpu.o(i.run_self_test)
    sqrt                                     0x080097c9   Thumb Code   110  sqrt.o(i.sqrt)
    uart_init                                0x08009839   Thumb Code   240  usart.o(i.uart_init)
    usmart_cmd_rec                           0x08009939   Thumb Code   170  usmart.o(i.usmart_cmd_rec)
    usmart_exe                               0x080099e9   Thumb Code   632  usmart.o(i.usmart_exe)
    usmart_get_aparm                         0x08009cbd   Thumb Code   212  usmart_str.o(i.usmart_get_aparm)
    usmart_get_cmdname                       0x08009d91   Thumb Code    54  usmart_str.o(i.usmart_get_cmdname)
    usmart_get_fname                         0x08009dc9   Thumb Code   440  usmart_str.o(i.usmart_get_fname)
    usmart_get_fparam                        0x08009f89   Thumb Code   262  usmart_str.o(i.usmart_get_fparam)
    usmart_get_parmpos                       0x0800a095   Thumb Code    26  usmart_str.o(i.usmart_get_parmpos)
    usmart_get_runtime                       0x0800a0b5   Thumb Code    56  usmart.o(i.usmart_get_runtime)
    usmart_init                              0x0800a0f5   Thumb Code    36  usmart.o(i.usmart_init)
    usmart_pow                               0x0800a11d   Thumb Code    22  usmart_str.o(i.usmart_pow)
    usmart_reset_runtime                     0x0800a135   Thumb Code    38  usmart.o(i.usmart_reset_runtime)
    usmart_scan                              0x0800a165   Thumb Code   120  usmart.o(i.usmart_scan)
    usmart_search_nextc                      0x0800a221   Thumb Code    22  usmart_str.o(i.usmart_search_nextc)
    usmart_str2num                           0x0800a237   Thumb Code   262  usmart_str.o(i.usmart_str2num)
    usmart_strcmp                            0x0800a33d   Thumb Code    34  usmart_str.o(i.usmart_strcmp)
    usmart_strcopy                           0x0800a35f   Thumb Code    22  usmart_str.o(i.usmart_strcopy)
    usmart_strlen                            0x0800a375   Thumb Code    24  usmart_str.o(i.usmart_strlen)
    usmart_sys_cmd_exe                       0x0800a38d   Thumb Code  1570  usmart.o(i.usmart_sys_cmd_exe)
    write_addr                               0x0800aa81   Thumb Code     4  usmart.o(i.write_addr)
    __aeabi_dneg                             0x0800aa85   Thumb Code     0  basic.o(x$fpl$basic)
    _dneg                                    0x0800aa85   Thumb Code     6  basic.o(x$fpl$basic)
    __aeabi_fneg                             0x0800aa8b   Thumb Code     0  basic.o(x$fpl$basic)
    _fneg                                    0x0800aa8b   Thumb Code     6  basic.o(x$fpl$basic)
    _dabs                                    0x0800aa91   Thumb Code     6  basic.o(x$fpl$basic)
    _fabs                                    0x0800aa97   Thumb Code     6  basic.o(x$fpl$basic)
    __aeabi_d2f                              0x0800aa9d   Thumb Code     0  d2f.o(x$fpl$d2f)
    _d2f                                     0x0800aa9d   Thumb Code    98  d2f.o(x$fpl$d2f)
    __aeabi_dadd                             0x0800ab01   Thumb Code     0  daddsub_clz.o(x$fpl$dadd)
    _dadd                                    0x0800ab01   Thumb Code   332  daddsub_clz.o(x$fpl$dadd)
    __aeabi_ddiv                             0x0800ac51   Thumb Code     0  ddiv.o(x$fpl$ddiv)
    _ddiv                                    0x0800ac51   Thumb Code   552  ddiv.o(x$fpl$ddiv)
    __aeabi_d2uiz                            0x0800af01   Thumb Code     0  dfixu.o(x$fpl$dfixu)
    _dfixu                                   0x0800af01   Thumb Code    90  dfixu.o(x$fpl$dfixu)
    __aeabi_i2d                              0x0800af5b   Thumb Code     0  dflt_clz.o(x$fpl$dflt)
    _dflt                                    0x0800af5b   Thumb Code    46  dflt_clz.o(x$fpl$dflt)
    __aeabi_ui2d                             0x0800af89   Thumb Code     0  dflt_clz.o(x$fpl$dfltu)
    _dfltu                                   0x0800af89   Thumb Code    38  dflt_clz.o(x$fpl$dfltu)
    __aeabi_dmul                             0x0800afb1   Thumb Code     0  dmul.o(x$fpl$dmul)
    _dmul                                    0x0800afb1   Thumb Code   332  dmul.o(x$fpl$dmul)
    __fpl_dnaninf                            0x0800b105   Thumb Code   156  dnaninf.o(x$fpl$dnaninf)
    __fpl_dretinf                            0x0800b1a1   Thumb Code    12  dretinf.o(x$fpl$dretinf)
    __aeabi_drsub                            0x0800b1ad   Thumb Code     0  daddsub_clz.o(x$fpl$drsb)
    _drsb                                    0x0800b1ad   Thumb Code    22  daddsub_clz.o(x$fpl$drsb)
    _dsqrt                                   0x0800b1c5   Thumb Code   404  dsqrt_umaal.o(x$fpl$dsqrt)
    __aeabi_dsub                             0x0800b35d   Thumb Code     0  daddsub_clz.o(x$fpl$dsub)
    _dsub                                    0x0800b35d   Thumb Code   464  daddsub_clz.o(x$fpl$dsub)
    __aeabi_f2d                              0x0800b531   Thumb Code     0  f2d.o(x$fpl$f2d)
    _f2d                                     0x0800b531   Thumb Code    86  f2d.o(x$fpl$f2d)
    __fpl_fnaninf                            0x0800b587   Thumb Code   140  fnaninf.o(x$fpl$fnaninf)
    _fp_init                                 0x0800b613   Thumb Code    10  fpinit.o(x$fpl$fpinit)
    __fplib_config_fpu_vfp                   0x0800b61b   Thumb Code     0  fpinit.o(x$fpl$fpinit)
    __fplib_config_pureend_doubles           0x0800b61b   Thumb Code     0  fpinit.o(x$fpl$fpinit)
    __fpl_fretinf                            0x0800b61d   Thumb Code    10  fretinf.o(x$fpl$fretinf)
    __I$use$fp                               0x0800b626   Number         0  usenofp.o(x$fpl$usenofp)
    asc2_1206                                0x0800b668   Data        1140  ili93xx.o(.constdata)
    asc2_1608                                0x0800badc   Data        1520  ili93xx.o(.constdata)
    asc2_2412                                0x0800c0cc   Data        3420  ili93xx.o(.constdata)
    reg                                      0x0800ce28   Data          27  inv_mpu.o(.constdata)
    hw                                       0x0800ce44   Data          12  inv_mpu.o(.constdata)
    test                                     0x0800ce50   Data          40  inv_mpu.o(.constdata)
    __mathlib_zero                           0x0800dbe0   Data           8  qnan.o(.constdata)
    Region$$Table$$Base                      0x0800dd2c   Number         0  anon$$obj.o(Region$$Table)
    Region$$Table$$Limit                     0x0800dd4c   Number         0  anon$$obj.o(Region$$Table)
    __stdout                                 0x20000004   Data           4  usart.o(.data)
    USART_RX_STA                             0x20000008   Data           2  usart.o(.data)
    POINT_COLOR                              0x2000000a   Data           2  ili93xx.o(.data)
    BACK_COLOR                               0x2000000c   Data           2  ili93xx.o(.data)
    sys_cmd_tab                              0x20000048   Data          28  usmart.o(.data)
    usmart_nametab                           0x20000064   Data          56  usmart_config.o(.data)
    usmart_dev                               0x2000009c   Data         244  usmart_config.o(.data)
    USART_RX_BUF                             0x20000190   Data         200  usart.o(.bss)
    lcddev                                   0x20000258   Data          14  ili93xx.o(.bss)
    __libspace_start                         0x20000278   Data          96  libspace.o(.bss)
    __temporary_stack_top$libspace           0x200002d8   Data           0  libspace.o(.bss)



==============================================================================

Memory Map of the image

  Image Entry point : 0x08000189

  Load Region LR_IROM1 (Base: 0x08000000, Size: 0x0000dedc, Max: 0x00100000, ABSOLUTE, COMPRESSED[0x0000ddc0])

    Execution Region ER_IROM1 (Base: 0x08000000, Size: 0x0000dd4c, Max: 0x00100000, ABSOLUTE)

    Base Addr    Size         Type   Attr      Idx    E Section Name        Object

    0x08000000   0x00000188   Data   RO            3    RESET               startup_stm32f40_41xxx.o
    0x08000188   0x00000008   Code   RO         1512  * !!!main             c_w.l(__main.o)
    0x08000190   0x00000034   Code   RO         1840    !!!scatter          c_w.l(__scatter.o)
    0x080001c4   0x0000005a   Code   RO         1838    !!dczerorl2         c_w.l(__dczerorl2.o)
    0x0800021e   0x00000002   PAD
    0x08000220   0x0000001c   Code   RO         1842    !!handler_zi        c_w.l(__scatter_zi.o)
    0x0800023c   0x00000000   Code   RO         1505    .ARM.Collect$$_printf_percent$$00000000  c_w.l(_printf_percent.o)
    0x0800023c   0x00000006   Code   RO         1503    .ARM.Collect$$_printf_percent$$00000009  c_w.l(_printf_d.o)
    0x08000242   0x00000006   Code   RO         1504    .ARM.Collect$$_printf_percent$$0000000A  c_w.l(_printf_u.o)
    0x08000248   0x00000006   Code   RO         1502    .ARM.Collect$$_printf_percent$$0000000C  c_w.l(_printf_x.o)
    0x0800024e   0x00000006   Code   RO         1500    .ARM.Collect$$_printf_percent$$00000013  c_w.l(_printf_c.o)
    0x08000254   0x00000006   Code   RO         1501    .ARM.Collect$$_printf_percent$$00000014  c_w.l(_printf_s.o)
    0x0800025a   0x00000004   Code   RO         1593    .ARM.Collect$$_printf_percent$$00000017  c_w.l(_printf_percent_end.o)
    0x0800025e   0x00000002   Code   RO         1710    .ARM.Collect$$libinit$$00000000  c_w.l(libinit.o)
    0x08000260   0x00000004   Code   RO         1719    .ARM.Collect$$libinit$$00000001  c_w.l(libinit2.o)
    0x08000264   0x00000000   Code   RO         1722    .ARM.Collect$$libinit$$00000004  c_w.l(libinit2.o)
    0x08000264   0x00000000   Code   RO         1725    .ARM.Collect$$libinit$$0000000A  c_w.l(libinit2.o)
    0x08000264   0x00000000   Code   RO         1727    .ARM.Collect$$libinit$$0000000C  c_w.l(libinit2.o)
    0x08000264   0x00000000   Code   RO         1729    .ARM.Collect$$libinit$$0000000E  c_w.l(libinit2.o)
    0x08000264   0x00000000   Code   RO         1732    .ARM.Collect$$libinit$$00000011  c_w.l(libinit2.o)
    0x08000264   0x00000000   Code   RO         1734    .ARM.Collect$$libinit$$00000013  c_w.l(libinit2.o)
    0x08000264   0x00000000   Code   RO         1736    .ARM.Collect$$libinit$$00000015  c_w.l(libinit2.o)
    0x08000264   0x00000000   Code   RO         1738    .ARM.Collect$$libinit$$00000017  c_w.l(libinit2.o)
    0x08000264   0x00000000   Code   RO         1740    .ARM.Collect$$libinit$$00000019  c_w.l(libinit2.o)
    0x08000264   0x00000000   Code   RO         1742    .ARM.Collect$$libinit$$0000001B  c_w.l(libinit2.o)
    0x08000264   0x00000000   Code   RO         1744    .ARM.Collect$$libinit$$0000001D  c_w.l(libinit2.o)
    0x08000264   0x00000000   Code   RO         1746    .ARM.Collect$$libinit$$0000001F  c_w.l(libinit2.o)
    0x08000264   0x00000000   Code   RO         1748    .ARM.Collect$$libinit$$00000021  c_w.l(libinit2.o)
    0x08000264   0x00000000   Code   RO         1750    .ARM.Collect$$libinit$$00000023  c_w.l(libinit2.o)
    0x08000264   0x00000000   Code   RO         1752    .ARM.Collect$$libinit$$00000025  c_w.l(libinit2.o)
    0x08000264   0x00000000   Code   RO         1756    .ARM.Collect$$libinit$$0000002C  c_w.l(libinit2.o)
    0x08000264   0x00000000   Code   RO         1758    .ARM.Collect$$libinit$$0000002E  c_w.l(libinit2.o)
    0x08000264   0x00000000   Code   RO         1760    .ARM.Collect$$libinit$$00000030  c_w.l(libinit2.o)
    0x08000264   0x00000000   Code   RO         1762    .ARM.Collect$$libinit$$00000032  c_w.l(libinit2.o)
    0x08000264   0x00000002   Code   RO         1763    .ARM.Collect$$libinit$$00000033  c_w.l(libinit2.o)
    0x08000266   0x00000002   Code   RO         1791    .ARM.Collect$$libshutdown$$00000000  c_w.l(libshutdown.o)
    0x08000268   0x00000000   Code   RO         1806    .ARM.Collect$$libshutdown$$00000003  c_w.l(libshutdown2.o)
    0x08000268   0x00000000   Code   RO         1809    .ARM.Collect$$libshutdown$$00000006  c_w.l(libshutdown2.o)
    0x08000268   0x00000000   Code   RO         1812    .ARM.Collect$$libshutdown$$00000009  c_w.l(libshutdown2.o)
    0x08000268   0x00000000   Code   RO         1814    .ARM.Collect$$libshutdown$$0000000B  c_w.l(libshutdown2.o)
    0x08000268   0x00000000   Code   RO         1817    .ARM.Collect$$libshutdown$$0000000E  c_w.l(libshutdown2.o)
    0x08000268   0x00000002   Code   RO         1818    .ARM.Collect$$libshutdown$$0000000F  c_w.l(libshutdown2.o)
    0x0800026a   0x00000000   Code   RO         1582    .ARM.Collect$$rtentry$$00000000  c_w.l(__rtentry.o)
    0x0800026a   0x00000000   Code   RO         1659    .ARM.Collect$$rtentry$$00000002  c_w.l(__rtentry2.o)
    0x0800026a   0x00000006   Code   RO         1671    .ARM.Collect$$rtentry$$00000004  c_w.l(__rtentry4.o)
    0x08000270   0x00000000   Code   RO         1661    .ARM.Collect$$rtentry$$00000009  c_w.l(__rtentry2.o)
    0x08000270   0x00000004   Code   RO         1662    .ARM.Collect$$rtentry$$0000000A  c_w.l(__rtentry2.o)
    0x08000274   0x00000000   Code   RO         1664    .ARM.Collect$$rtentry$$0000000C  c_w.l(__rtentry2.o)
    0x08000274   0x00000008   Code   RO         1665    .ARM.Collect$$rtentry$$0000000D  c_w.l(__rtentry2.o)
    0x0800027c   0x00000002   Code   RO         1713    .ARM.Collect$$rtexit$$00000000  c_w.l(rtexit.o)
    0x0800027e   0x00000000   Code   RO         1765    .ARM.Collect$$rtexit$$00000002  c_w.l(rtexit2.o)
    0x0800027e   0x00000004   Code   RO         1766    .ARM.Collect$$rtexit$$00000003  c_w.l(rtexit2.o)
    0x08000282   0x00000006   Code   RO         1767    .ARM.Collect$$rtexit$$00000004  c_w.l(rtexit2.o)
    0x08000288   0x00000044   Code   RO            4    .text               startup_stm32f40_41xxx.o
    0x080002cc   0x00000002   Code   RO         1443    .text               c_w.l(use_no_semi_2.o)
    0x080002ce   0x00000048   Code   RO         1445    .text               c_w.l(llsdiv.o)
    0x08000316   0x00000002   PAD
    0x08000318   0x00000018   Code   RO         1449    .text               c_w.l(noretval__2printf.o)
    0x08000330   0x0000004e   Code   RO         1453    .text               c_w.l(_printf_pad.o)
    0x0800037e   0x00000052   Code   RO         1455    .text               c_w.l(_printf_str.o)
    0x080003d0   0x00000078   Code   RO         1457    .text               c_w.l(_printf_dec.o)
    0x08000448   0x00000058   Code   RO         1462    .text               c_w.l(_printf_hex_int.o)
    0x080004a0   0x00000188   Code   RO         1497    .text               c_w.l(__printf_flags_ss_wp.o)
    0x08000628   0x00000058   Code   RO         1506    .text               c_w.l(memcmp.o)
    0x08000680   0x00000010   Code   RO         1508    .text               c_w.l(aeabi_memset.o)
    0x08000690   0x00000006   Code   RO         1510    .text               c_w.l(heapauxi.o)
    0x08000696   0x00000002   Code   RO         1580    .text               c_w.l(use_no_semi.o)
    0x08000698   0x000000ee   Code   RO         1583    .text               c_w.l(lludivv7m.o)
    0x08000786   0x00000016   Code   RO         1585    .text               c_w.l(_rserrno.o)
    0x0800079c   0x000000b2   Code   RO         1587    .text               c_w.l(_printf_intcommon.o)
    0x0800084e   0x0000002c   Code   RO         1589    .text               c_w.l(_printf_char.o)
    0x0800087a   0x00000002   PAD
    0x0800087c   0x00000024   Code   RO         1591    .text               c_w.l(_printf_char_file.o)
    0x080008a0   0x00000044   Code   RO         1594    .text               c_w.l(rt_memclr.o)
    0x080008e4   0x00000008   Code   RO         1680    .text               c_w.l(rt_errno_addr_intlibspace.o)
    0x080008ec   0x00000030   Code   RO         1682    .text               c_w.l(_printf_char_common.o)
    0x0800091c   0x00000008   Code   RO         1684    .text               c_w.l(ferror.o)
    0x08000924   0x0000004e   Code   RO         1688    .text               c_w.l(rt_memclr_w.o)
    0x08000972   0x00000002   PAD
    0x08000974   0x00000008   Code   RO         1694    .text               c_w.l(libspace.o)
    0x0800097c   0x0000004a   Code   RO         1697    .text               c_w.l(sys_stackheap_outer.o)
    0x080009c6   0x0000000c   Code   RO         1703    .text               c_w.l(exit.o)
    0x080009d2   0x00000040   Code   RO          152    i.GPIO_AF_Set       sys.o
    0x08000a12   0x000000de   Code   RO          153    i.GPIO_Set          sys.o
    0x08000af0   0x00000050   Code   RO          560    i.IIC_Ack           myiic.o
    0x08000b40   0x00000040   Code   RO          561    i.IIC_Init          myiic.o
    0x08000b80   0x00000050   Code   RO          562    i.IIC_NAck          myiic.o
    0x08000bd0   0x0000006c   Code   RO          563    i.IIC_Read_Byte     myiic.o
    0x08000c3c   0x00000068   Code   RO          564    i.IIC_Send_Byte     myiic.o
    0x08000ca4   0x0000004c   Code   RO          565    i.IIC_Start         myiic.o
    0x08000cf0   0x0000004c   Code   RO          566    i.IIC_Stop          myiic.o
    0x08000d3c   0x00000060   Code   RO          567    i.IIC_Wait_Ack      myiic.o
    0x08000d9c   0x00000050   Code   RO          533    i.KEY_Init          key.o
    0x08000dec   0x000000a4   Code   RO          534    i.KEY_Scan          key.o
    0x08000e90   0x0000006c   Code   RO          316    i.LCD_Clear         ili93xx.o
    0x08000efc   0x000001c0   Code   RO          320    i.LCD_Display_Dir   ili93xx.o
    0x080010bc   0x00000180   Code   RO          325    i.LCD_Fast_DrawPoint  ili93xx.o
    0x0800123c   0x000000b8   Code   RO          326    i.LCD_Fill          ili93xx.o
    0x080012f4   0x00003934   Code   RO          327    i.LCD_Init          ili93xx.o
    0x08004c28   0x00000016   Code   RO          328    i.LCD_Pow           ili93xx.o
    0x08004c3e   0x00000002   PAD
    0x08004c40   0x00000014   Code   RO          329    i.LCD_RD_DATA       ili93xx.o
    0x08004c54   0x00000016   Code   RO          331    i.LCD_ReadReg       ili93xx.o
    0x08004c6a   0x00000002   PAD
    0x08004c6c   0x00000060   Code   RO          332    i.LCD_SSD_BackLightSet  ili93xx.o
    0x08004ccc   0x000002ec   Code   RO          333    i.LCD_Scan_Dir      ili93xx.o
    0x08004fb8   0x000001a8   Code   RO          334    i.LCD_SetCursor     ili93xx.o
    0x08005160   0x00000128   Code   RO          336    i.LCD_ShowChar      ili93xx.o
    0x08005288   0x00000094   Code   RO          337    i.LCD_ShowNum       ili93xx.o
    0x0800531c   0x00000066   Code   RO          338    i.LCD_ShowString    ili93xx.o
    0x08005382   0x00000002   PAD
    0x08005384   0x00000018   Code   RO          340    i.LCD_WR_DATA       ili93xx.o
    0x0800539c   0x00000018   Code   RO          341    i.LCD_WR_REG        ili93xx.o
    0x080053b4   0x00000014   Code   RO          343    i.LCD_WriteRAM_Prepare  ili93xx.o
    0x080053c8   0x00000014   Code   RO          344    i.LCD_WriteReg      ili93xx.o
    0x080053dc   0x00000040   Code   RO          295    i.LED_Init          led.o
    0x0800541c   0x00000050   Code   RO          622    i.MPU_Get_Accelerometer  mpu6050.o
    0x0800546c   0x00000050   Code   RO          623    i.MPU_Get_Gyroscope  mpu6050.o
    0x080054bc   0x00000084   Code   RO          624    i.MPU_Get_Temperature  mpu6050.o
    0x08005540   0x0000007a   Code   RO          625    i.MPU_Init          mpu6050.o
    0x080055ba   0x0000003a   Code   RO          626    i.MPU_Read_Byte     mpu6050.o
    0x080055f4   0x00000074   Code   RO          627    i.MPU_Read_Len      mpu6050.o
    0x08005668   0x00000010   Code   RO          628    i.MPU_Set_Accel_Fsr  mpu6050.o
    0x08005678   0x00000010   Code   RO          629    i.MPU_Set_Gyro_Fsr  mpu6050.o
    0x08005688   0x0000003a   Code   RO          630    i.MPU_Set_LPF       mpu6050.o
    0x080056c2   0x0000003a   Code   RO          631    i.MPU_Set_Rate      mpu6050.o
    0x080056fc   0x00000044   Code   RO          632    i.MPU_Write_Byte    mpu6050.o
    0x08005740   0x00000060   Code   RO          633    i.MPU_Write_Len     mpu6050.o
    0x080057a0   0x00000078   Code   RO          156    i.MY_NVIC_Init      sys.o
    0x08005818   0x00000028   Code   RO          157    i.MY_NVIC_PriorityGroupConfig  sys.o
    0x08005840   0x00000010   Code   RO          158    i.MY_NVIC_SetVectorTable  sys.o
    0x08005850   0x0000006e   Code   RO         1233    i.Quat_Inv          quatcal.o
    0x080058be   0x000000d2   Code   RO         1234    i.Quat_Product      quatcal.o
    0x08005990   0x00000068   Code   RO          159    i.Stm32_Clock_Init  sys.o
    0x080059f8   0x0000010c   Code   RO          160    i.Sys_Clock_Set     sys.o
    0x08005b04   0x0000003c   Code   RO         1258    i.TIM4_IRQHandler   usmart.o
    0x08005b40   0x00000050   Code   RO         1259    i.Timer4_Init       usmart.o
    0x08005b90   0x00000080   Code   RO          246    i.USART1_IRQHandler  usart.o
    0x08005c10   0x00000030   Code   RO         1641    i.__ARM_fpclassify  m_wm.l(fpclassify.o)
    0x08005c40   0x00000358   Code   RO         1540    i.__hardfp_acos     m_wm.l(acos.o)
    0x08005f98   0x00000360   Code   RO         1554    i.__hardfp_asin     m_wm.l(asin.o)
    0x080062f8   0x000002d8   Code   RO         1607    i.__hardfp_atan     m_wm.l(atan.o)
    0x080065d0   0x000001f0   Code   RO         1568    i.__hardfp_atan2    m_wm.l(atan2.o)
    0x080067c0   0x000000f8   Code   RO         1643    i.__kernel_poly     m_wm.l(poly.o)
    0x080068b8   0x00000014   Code   RO         1622    i.__mathlib_dbl_infnan  m_wm.l(dunder.o)
    0x080068cc   0x00000014   Code   RO         1623    i.__mathlib_dbl_infnan2  m_wm.l(dunder.o)
    0x080068e0   0x00000020   Code   RO         1624    i.__mathlib_dbl_invalid  m_wm.l(dunder.o)
    0x08006900   0x00000020   Code   RO         1627    i.__mathlib_dbl_underflow  m_wm.l(dunder.o)
    0x08006920   0x0000000e   Code   RO         1490    i._is_digit         c_w.l(__printf_wp.o)
    0x0800692e   0x00000004   Code   RO          247    i._sys_exit         usart.o
    0x08006932   0x00000002   PAD
    0x08006934   0x000000c0   Code   RO          708    i.accel_self_test   inv_mpu.o
    0x080069f4   0x00000010   Code   RO         1609    i.atan              m_wm.l(atan.o)
    0x08006a04   0x00000064   Code   RO         1044    i.decode_gesture    inv_mpu_dmp_motion_driver.o
    0x08006a68   0x00000040   Code   RO          110    i.delay_init        delay.o
    0x08006aa8   0x00000038   Code   RO          111    i.delay_ms          delay.o
    0x08006ae0   0x0000003c   Code   RO          112    i.delay_us          delay.o
    0x08006b1c   0x0000003c   Code   RO          113    i.delay_xms         delay.o
    0x08006b58   0x0000003c   Code   RO         1045    i.dmp_enable_6x_lp_quat  inv_mpu_dmp_motion_driver.o
    0x08006b94   0x0000021c   Code   RO         1046    i.dmp_enable_feature  inv_mpu_dmp_motion_driver.o
    0x08006db0   0x00000058   Code   RO         1047    i.dmp_enable_gyro_cal  inv_mpu_dmp_motion_driver.o
    0x08006e08   0x0000003c   Code   RO         1048    i.dmp_enable_lp_quat  inv_mpu_dmp_motion_driver.o
    0x08006e44   0x00000018   Code   RO         1053    i.dmp_load_motion_driver_firmware  inv_mpu_dmp_motion_driver.o
    0x08006e5c   0x000001cc   Code   RO         1054    i.dmp_read_fifo     inv_mpu_dmp_motion_driver.o
    0x08007028   0x00000130   Code   RO         1057    i.dmp_set_accel_bias  inv_mpu_dmp_motion_driver.o
    0x08007158   0x00000070   Code   RO         1058    i.dmp_set_fifo_rate  inv_mpu_dmp_motion_driver.o
    0x080071c8   0x00000130   Code   RO         1059    i.dmp_set_gyro_bias  inv_mpu_dmp_motion_driver.o
    0x080072f8   0x00000138   Code   RO         1061    i.dmp_set_orientation  inv_mpu_dmp_motion_driver.o
    0x08007430   0x00000038   Code   RO         1064    i.dmp_set_shake_reject_thresh  inv_mpu_dmp_motion_driver.o
    0x08007468   0x00000026   Code   RO         1065    i.dmp_set_shake_reject_time  inv_mpu_dmp_motion_driver.o
    0x0800748e   0x00000026   Code   RO         1066    i.dmp_set_shake_reject_timeout  inv_mpu_dmp_motion_driver.o
    0x080074b4   0x00000046   Code   RO         1067    i.dmp_set_tap_axes  inv_mpu_dmp_motion_driver.o
    0x080074fa   0x00000026   Code   RO         1068    i.dmp_set_tap_count  inv_mpu_dmp_motion_driver.o
    0x08007520   0x000001c0   Code   RO         1069    i.dmp_set_tap_thresh  inv_mpu_dmp_motion_driver.o
    0x080076e0   0x00000026   Code   RO         1070    i.dmp_set_tap_time  inv_mpu_dmp_motion_driver.o
    0x08007706   0x00000026   Code   RO         1071    i.dmp_set_tap_time_multi  inv_mpu_dmp_motion_driver.o
    0x0800772c   0x00000018   Code   RO         1637    i.fabs              m_wm.l(fabs.o)
    0x08007744   0x0000001c   Code   RO          248    i.fputc             usart.o
    0x08007760   0x000000d0   Code   RO          709    i.get_accel_prod_shift  inv_mpu.o
    0x08007830   0x00000470   Code   RO          710    i.get_st_biases     inv_mpu.o
    0x08007ca0   0x0000011c   Code   RO          711    i.gyro_self_test    inv_mpu.o
    0x08007dbc   0x00000028   Code   RO          712    i.inv_orientation_matrix_to_scalar  inv_mpu.o
    0x08007de4   0x0000004e   Code   RO          713    i.inv_row_2_scale   inv_mpu.o
    0x08007e32   0x00000002   PAD
    0x08007e34   0x000005cc   Code   RO           12    i.main              test.o
    0x08008400   0x00000002   Code   RO          714    i.mget_ms           inv_mpu.o
    0x08008402   0x00000002   PAD
    0x08008404   0x00000070   Code   RO          715    i.mpu_configure_fifo  inv_mpu.o
    0x08008474   0x00000254   Code   RO          716    i.mpu_dmp_get_data  inv_mpu.o
    0x080086c8   0x0000009c   Code   RO          717    i.mpu_dmp_init      inv_mpu.o
    0x08008764   0x0000004c   Code   RO          718    i.mpu_get_accel_fsr  inv_mpu.o
    0x080087b0   0x00000054   Code   RO          720    i.mpu_get_accel_sens  inv_mpu.o
    0x08008804   0x00000010   Code   RO          725    i.mpu_get_fifo_config  inv_mpu.o
    0x08008814   0x00000044   Code   RO          726    i.mpu_get_gyro_fsr  inv_mpu.o
    0x08008858   0x00000060   Code   RO          728    i.mpu_get_gyro_sens  inv_mpu.o
    0x080088b8   0x00000050   Code   RO          730    i.mpu_get_lpf       inv_mpu.o
    0x08008908   0x00000020   Code   RO          732    i.mpu_get_sample_rate  inv_mpu.o
    0x08008928   0x000001f0   Code   RO          734    i.mpu_init          inv_mpu.o
    0x08008b18   0x000000b8   Code   RO          735    i.mpu_load_firmware  inv_mpu.o
    0x08008bd0   0x000000e0   Code   RO          736    i.mpu_lp_accel_mode  inv_mpu.o
    0x08008cb0   0x000000c0   Code   RO          739    i.mpu_read_fifo_stream  inv_mpu.o
    0x08008d70   0x00000080   Code   RO          740    i.mpu_read_mem      inv_mpu.o
    0x08008df0   0x000001c8   Code   RO          743    i.mpu_reset_fifo    inv_mpu.o
    0x08008fb8   0x0000011c   Code   RO          744    i.mpu_run_self_test  inv_mpu.o
    0x080090d4   0x00000084   Code   RO          746    i.mpu_set_accel_fsr  inv_mpu.o
    0x08009158   0x0000014c   Code   RO          747    i.mpu_set_bypass    inv_mpu.o
    0x080092a4   0x00000090   Code   RO          749    i.mpu_set_dmp_state  inv_mpu.o
    0x08009334   0x00000088   Code   RO          750    i.mpu_set_gyro_fsr  inv_mpu.o
    0x080093bc   0x0000006c   Code   RO          751    i.mpu_set_int_latched  inv_mpu.o
    0x08009428   0x00000084   Code   RO          753    i.mpu_set_lpf       inv_mpu.o
    0x080094ac   0x0000009c   Code   RO          754    i.mpu_set_sample_rate  inv_mpu.o
    0x08009548   0x000000d0   Code   RO          755    i.mpu_set_sensors   inv_mpu.o
    0x08009618   0x00000080   Code   RO          756    i.mpu_write_mem     inv_mpu.o
    0x08009698   0x00000006   Code   RO         1260    i.read_addr         usmart.o
    0x0800969e   0x0000009a   Code   RO          757    i.run_self_test     inv_mpu.o
    0x08009738   0x00000090   Code   RO          758    i.set_int_enable    inv_mpu.o
    0x080097c8   0x0000006e   Code   RO         1648    i.sqrt              m_wm.l(sqrt.o)
    0x08009836   0x00000002   PAD
    0x08009838   0x00000100   Code   RO          249    i.uart_init         usart.o
    0x08009938   0x000000b0   Code   RO         1261    i.usmart_cmd_rec    usmart.o
    0x080099e8   0x000002d4   Code   RO         1262    i.usmart_exe        usmart.o
    0x08009cbc   0x000000d4   Code   RO         1363    i.usmart_get_aparm  usmart_str.o
    0x08009d90   0x00000036   Code   RO         1364    i.usmart_get_cmdname  usmart_str.o
    0x08009dc6   0x00000002   PAD
    0x08009dc8   0x000001c0   Code   RO         1365    i.usmart_get_fname  usmart_str.o
    0x08009f88   0x0000010c   Code   RO         1366    i.usmart_get_fparam  usmart_str.o
    0x0800a094   0x00000020   Code   RO         1367    i.usmart_get_parmpos  usmart_str.o
    0x0800a0b4   0x00000040   Code   RO         1263    i.usmart_get_runtime  usmart.o
    0x0800a0f4   0x00000028   Code   RO         1264    i.usmart_init       usmart.o
    0x0800a11c   0x00000016   Code   RO         1368    i.usmart_pow        usmart_str.o
    0x0800a132   0x00000002   PAD
    0x0800a134   0x00000030   Code   RO         1265    i.usmart_reset_runtime  usmart.o
    0x0800a164   0x000000bc   Code   RO         1266    i.usmart_scan       usmart.o
    0x0800a220   0x00000016   Code   RO         1369    i.usmart_search_nextc  usmart_str.o
    0x0800a236   0x00000106   Code   RO         1370    i.usmart_str2num    usmart_str.o
    0x0800a33c   0x00000022   Code   RO         1371    i.usmart_strcmp     usmart_str.o
    0x0800a35e   0x00000016   Code   RO         1372    i.usmart_strcopy    usmart_str.o
    0x0800a374   0x00000018   Code   RO         1373    i.usmart_strlen     usmart_str.o
    0x0800a38c   0x000006f4   Code   RO         1267    i.usmart_sys_cmd_exe  usmart.o
    0x0800aa80   0x00000004   Code   RO         1268    i.write_addr        usmart.o
    0x0800aa84   0x00000018   Code   RO         1596    x$fpl$basic         fz_wm.l(basic.o)
    0x0800aa9c   0x00000062   Code   RO         1514    x$fpl$d2f           fz_wm.l(d2f.o)
    0x0800aafe   0x00000002   PAD
    0x0800ab00   0x00000150   Code   RO         1516    x$fpl$dadd          fz_wm.l(daddsub_clz.o)
    0x0800ac50   0x000002b0   Code   RO         1523    x$fpl$ddiv          fz_wm.l(ddiv.o)
    0x0800af00   0x0000005a   Code   RO         1526    x$fpl$dfixu         fz_wm.l(dfixu.o)
    0x0800af5a   0x0000002e   Code   RO         1531    x$fpl$dflt          fz_wm.l(dflt_clz.o)
    0x0800af88   0x00000026   Code   RO         1530    x$fpl$dfltu         fz_wm.l(dflt_clz.o)
    0x0800afae   0x00000002   PAD
    0x0800afb0   0x00000154   Code   RO         1536    x$fpl$dmul          fz_wm.l(dmul.o)
    0x0800b104   0x0000009c   Code   RO         1598    x$fpl$dnaninf       fz_wm.l(dnaninf.o)
    0x0800b1a0   0x0000000c   Code   RO         1600    x$fpl$dretinf       fz_wm.l(dretinf.o)
    0x0800b1ac   0x00000016   Code   RO         1517    x$fpl$drsb          fz_wm.l(daddsub_clz.o)
    0x0800b1c2   0x00000002   PAD
    0x0800b1c4   0x00000198   Code   RO         1692    x$fpl$dsqrt         fz_wm.l(dsqrt_umaal.o)
    0x0800b35c   0x000001d4   Code   RO         1518    x$fpl$dsub          fz_wm.l(daddsub_clz.o)
    0x0800b530   0x00000056   Code   RO         1538    x$fpl$f2d           fz_wm.l(f2d.o)
    0x0800b586   0x0000008c   Code   RO         1602    x$fpl$fnaninf       fz_wm.l(fnaninf.o)
    0x0800b612   0x0000000a   Code   RO         1779    x$fpl$fpinit        fz_wm.l(fpinit.o)
    0x0800b61c   0x0000000a   Code   RO         1604    x$fpl$fretinf       fz_wm.l(fretinf.o)
    0x0800b626   0x00000000   Code   RO         1606    x$fpl$usenofp       fz_wm.l(usenofp.o)
    0x0800b626   0x00000002   PAD
    0x0800b628   0x00000040   Data   RO           13    .constdata          test.o
    0x0800b668   0x000017c0   Data   RO          347    .constdata          ili93xx.o
    0x0800ce28   0x00000050   Data   RO          760    .constdata          inv_mpu.o
    0x0800ce78   0x00000bf6   Data   RO         1073    .constdata          inv_mpu_dmp_motion_driver.o
    0x0800da6e   0x00000028   Data   RO         1463    .constdata          c_w.l(_printf_hex_int.o)
    0x0800da96   0x00000011   Data   RO         1498    .constdata          c_w.l(__printf_flags_ss_wp.o)
    0x0800daa7   0x00000001   PAD
    0x0800daa8   0x00000050   Data   RO         1543    .constdata          m_wm.l(acos.o)
    0x0800daf8   0x00000050   Data   RO         1557    .constdata          m_wm.l(asin.o)
    0x0800db48   0x00000098   Data   RO         1610    .constdata          m_wm.l(atan.o)
    0x0800dbe0   0x00000008   Data   RO         1645    .constdata          m_wm.l(qnan.o)
    0x0800dbe8   0x0000004d   Data   RO          761    .conststring        inv_mpu.o
    0x0800dc35   0x00000003   PAD
    0x0800dc38   0x00000028   Data   RO         1269    .conststring        usmart.o
    0x0800dc60   0x000000cb   Data   RO         1342    .conststring        usmart_config.o
    0x0800dd2b   0x00000001   PAD
    0x0800dd2c   0x00000020   Data   RO         1836    Region$$Table       anon$$obj.o


    Execution Region RW_IRAM1 (Base: 0x20000000, Size: 0x000006d8, Max: 0x00020000, ABSOLUTE, COMPRESSED[0x00000074])

    Base Addr    Size         Type   Attr      Idx    E Section Name        Object

    0x20000000   0x00000004   Data   RW          114    .data               delay.o
    0x20000004   0x00000006   Data   RW          251    .data               usart.o
    0x2000000a   0x00000004   Data   RW          348    .data               ili93xx.o
    0x2000000e   0x00000001   Data   RW          535    .data               key.o
    0x2000000f   0x00000001   PAD
    0x20000010   0x00000035   Data   RW          762    .data               inv_mpu.o
    0x20000045   0x00000003   PAD
    0x20000048   0x0000001c   Data   RW         1270    .data               usmart.o
    0x20000064   0x0000012c   Data   RW         1343    .data               usmart_config.o
    0x20000190   0x000000c8   Zero   RW          250    .bss                usart.o
    0x20000258   0x0000000e   Zero   RW          346    .bss                ili93xx.o
    0x20000266   0x00000002   PAD
    0x20000268   0x00000010   Zero   RW         1072    .bss                inv_mpu_dmp_motion_driver.o
    0x20000278   0x00000060   Zero   RW         1695    .bss                c_w.l(libspace.o)
    0x200002d8   0x00000000   Zero   RW            2    HEAP                startup_stm32f40_41xxx.o
    0x200002d8   0x00000400   Zero   RW            1    STACK               startup_stm32f40_41xxx.o


==============================================================================

Image component sizes


      Code (inc. data)   RO Data    RW Data    ZI Data      Debug   Object Name

       240         16          0          4          0       2711   delay.o
     17734        212       6080          4         14      24286   ili93xx.o
      6994        318        157         53          0      34092   inv_mpu.o
      3128        138       3062          0         16      22426   inv_mpu_dmp_motion_driver.o
       244         28          0          1          0       1302   key.o
        64         16          0          0          0        543   led.o
       900         22          0          0          0       9205   mpu6050.o
       684        112          0          0          0       4926   myiic.o
       320          0          0          0          0       1294   quatcal.o
        68         24        392          0       1024        928   startup_stm32f40_41xxx.o
       834         44          0          0          0       5418   sys.o
      1484        242         64          0          0     233407   test.o
       416         34          0          6        200       4600   usart.o
      3170       1350         40         28          0       8470   usmart.o
         0          0        203        300          0       1684   usmart_config.o
      1400         20          0          0          0       9493   usmart_str.o

    ----------------------------------------------------------------------
     37696       2576      10034        400       1256     364785   Object Totals
         0          0         32          0          0          0   (incl. Generated)
        16          0          4          4          2          0   (incl. Padding)

    ----------------------------------------------------------------------

      Code (inc. data)   RO Data    RW Data    ZI Data      Debug   Library Member Name

        90          0          0          0          0          0   __dczerorl2.o
         8          0          0          0          0         68   __main.o
       392          4         17          0          0         92   __printf_flags_ss_wp.o
        14          0          0          0          0         68   __printf_wp.o
         0          0          0          0          0          0   __rtentry.o
        12          0          0          0          0          0   __rtentry2.o
         6          0          0          0          0          0   __rtentry4.o
        52          8          0          0          0          0   __scatter.o
        28          0          0          0          0          0   __scatter_zi.o
         6          0          0          0          0          0   _printf_c.o
        44          0          0          0          0        108   _printf_char.o
        48          6          0          0          0         96   _printf_char_common.o
        36          4          0          0          0         80   _printf_char_file.o
         6          0          0          0          0          0   _printf_d.o
       120         16          0          0          0         92   _printf_dec.o
        88          4         40          0          0         88   _printf_hex_int.o
       178          0          0          0          0         88   _printf_intcommon.o
        78          0          0          0          0        108   _printf_pad.o
         0          0          0          0          0          0   _printf_percent.o
         4          0          0          0          0          0   _printf_percent_end.o
         6          0          0          0          0          0   _printf_s.o
        82          0          0          0          0         80   _printf_str.o
         6          0          0          0          0          0   _printf_u.o
         6          0          0          0          0          0   _printf_x.o
        22          0          0          0          0        100   _rserrno.o
        16          0          0          0          0         68   aeabi_memset.o
        12          0          0          0          0         72   exit.o
         8          0          0          0          0         68   ferror.o
         6          0          0          0          0        152   heapauxi.o
         2          0          0          0          0          0   libinit.o
         6          0          0          0          0          0   libinit2.o
         2          0          0          0          0          0   libshutdown.o
         2          0          0          0          0          0   libshutdown2.o
         8          4          0          0         96         68   libspace.o
        72          0          0          0          0         76   llsdiv.o
       238          0          0          0          0        100   lludivv7m.o
        88          0          0          0          0         76   memcmp.o
        24          4          0          0          0         84   noretval__2printf.o
         8          4          0          0          0         68   rt_errno_addr_intlibspace.o
        68          0          0          0          0         68   rt_memclr.o
        78          0          0          0          0         80   rt_memclr_w.o
         2          0          0          0          0          0   rtexit.o
        10          0          0          0          0          0   rtexit2.o
        74          0          0          0          0         80   sys_stackheap_outer.o
         2          0          0          0          0         68   use_no_semi.o
         2          0          0          0          0         68   use_no_semi_2.o
        24          0          0          0          0        164   basic.o
        98          4          0          0          0        140   d2f.o
       826         16          0          0          0        492   daddsub_clz.o
       688        140          0          0          0        256   ddiv.o
        90          4          0          0          0        140   dfixu.o
        84          0          0          0          0        232   dflt_clz.o
       340         12          0          0          0        152   dmul.o
       156          4          0          0          0        140   dnaninf.o
        12          0          0          0          0        116   dretinf.o
       408         56          0          0          0        168   dsqrt_umaal.o
        86          4          0          0          0        132   f2d.o
       140          4          0          0          0        132   fnaninf.o
        10          0          0          0          0        116   fpinit.o
        10          0          0          0          0        116   fretinf.o
         0          0          0          0          0          0   usenofp.o
       856        118         80          0          0        288   acos.o
       864         94         80          0          0        280   asin.o
       744        106        152          0          0        352   atan.o
       496         64          0          0          0        192   atan2.o
       104         16          0          0          0        496   dunder.o
        24          0          0          0          0        124   fabs.o
        48          0          0          0          0        124   fpclassify.o
       248          0          0          0          0        152   poly.o
         0          0          8          0          0          0   qnan.o
       110          0          0          0          0        148   sqrt.o

    ----------------------------------------------------------------------
      8544        696        378          0         96       6916   Library Totals
        18          0          1          0          0          0   (incl. Padding)

    ----------------------------------------------------------------------

      Code (inc. data)   RO Data    RW Data    ZI Data      Debug   Library Name

      2060         54         57          0         96       2264   c_w.l
      2972        244          0          0          0       2496   fz_wm.l
      3494        398        320          0          0       2156   m_wm.l

    ----------------------------------------------------------------------
      8544        696        378          0         96       6916   Library Totals

    ----------------------------------------------------------------------

==============================================================================


      Code (inc. data)   RO Data    RW Data    ZI Data      Debug   

     46240       3272      10412        400       1352     355105   Grand Totals
     46240       3272      10412        116       1352     355105   ELF Image Totals (compressed)
     46240       3272      10412        116          0          0   ROM Totals

==============================================================================

    Total RO  Size (Code + RO Data)                56652 (  55.32kB)
    Total RW  Size (RW Data + ZI Data)              1752 (   1.71kB)
    Total ROM Size (Code + RO Data + RW Data)      56768 (  55.44kB)

==============================================================================

