<html>
<body>
<pre>
<h1>礦ision Build Log</h1>
<h2>Tool Versions:</h2>
IDE-Version: μVision V5.14.0.0
Copyright (C) 2015 ARM Ltd and ARM Germany GmbH. All rights reserved.
License Information: a Microsoft, Microsoft, LIC=KIV74-FPQIG-EXRUX-H8F9W-NS04A-6ZYD6
 
Tool Versions:
Toolchain:       MDK-ARM Professional  Version: 5.14.0.0
Toolchain Path:  D:\largesoftware\KEIL5\ARM\ARMCC\Bin
C Compiler:      Armcc.exe V5.05 update 1 (build 106)
Assembler:       Armasm.exe V5.05 update 1 (build 106)
Linker/Locator:  ArmLink.exe V5.05 update 1 (build 106)
Library Manager: ArmAr.exe V5.05 update 1 (build 106)
Hex Converter:   FromElf.exe V5.05 update 1 (build 106)
CPU DLL:         SARMCM3.DLL V5.14.0.0
Dialog DLL:      DCM.DLL V1.13.1.0
Target DLL:      STLink\ST-LINKIII-KEIL_SWO.dll V2.0.14.0_KEIL
Dialog DLL:      TCM.DLL V1.14.4.0
 
<h2>Project:</h2>
D:\PROJECTS\PROJECT\GITHUB\MPU_Elbow_Angle\USER\TEST.uvprojx
Project File Date:  10/24/2018

<h2>Output:</h2>
Rebuild target 'Target 1'
assembling startup_stm32f40_41xxx.s...
compiling test.c...
test.c(21): warning:  #177-D: variable "flag" was declared but never referenced
        u8 t=0,flag=0;                  //默认开启上报
test.c(22): warning:  #550-D: variable "key" was set but never used
        u8 key;
test.c: 2 warnings, 0 errors
compiling delay.c...
compiling sys.c...
compiling usart.c...
compiling led.c...
compiling ILI93xx.c...
compiling key.c...
compiling myiic.c...
compiling mpu6050.c...
compiling inv_mpu.c...
compiling inv_mpu_dmp_motion_driver.c...
compiling quatcal.c...
compiling myiic2.c...
compiling usmart.c...
compiling usmart_config.c...
compiling usmart_str.c...
linking...
Program Size: Code=48120 RO-data=10412 RW-data=400 ZI-data=1352  
FromELF: creating hex file...
"..\OBJ\TEST.axf" - 0 Error(s), 2 Warning(s).

<h2>Collection of Component include folders:</h2>
  D:\PROJECTS\PROJECT\GITHUB\MPU_Elbow_Angle\USER\RTE
  D:\largesoftware\KEIL5\ARM\PACK\Keil\STM32F4xx_DFP\2.11.0

<h2>Collection of Component Files used:</h2>
</pre>
</body>
</html>
